<html>
<body>
<pre>
<h1>µVision Build Log</h1>
<h2>Tool Versions:</h2>
IDE-Version: ¦ÌVision V5.30.0.0
Copyright (C) 2020 ARM Ltd and ARM Germany GmbH. All rights reserved.
License Information: jia redstar, njtech, LIC=SDA0P-MRLWB-ARDXW-Q9281-CBLK5-Z9ETH
 
Tool Versions:
Toolchain:       MDK-ARM Plus  Version: 5.30.0.0
Toolchain Path:  D:\Program Files\MDK-ARM\Keil5\ARM\ARMCC\Bin
C Compiler:      Armcc.exe V5.06 update 6 (build 750)
Assembler:       Armasm.exe V5.06 update 6 (build 750)
Linker/Locator:  ArmLink.exe V5.06 update 6 (build 750)
Library Manager: ArmAr.exe V5.06 update 6 (build 750)
Hex Converter:   FromElf.exe V5.06 update 6 (build 750)
CPU DLL:         SARMCM3.DLL V5.30.0.0
Dialog DLL:      DCM.DLL V1.17.3.0
Target DLL:      STLink\ST-LINKIII-KEIL_SWO.dll V3.0.7.0
Dialog DLL:      TCM.DLL V1.42.0.0
 
<h2>Project:</h2>
E:\MyProject\esp8266ATPackage\gitee\wifiDemo\MDK-ARM\wifiDemo.uvprojx
Project File Date:  05/20/2021

<h2>Output:</h2>
*** Using Compiler 'V5.06 update 6 (build 750)', folder: 'D:\Program Files\MDK-ARM\Keil5\ARM\ARMCC\Bin'
Rebuild target 'wifiDemo'
assembling startup_stm32f103xb.s...
compiling tim.c...
compiling stm32f1xx_hal_gpio_ex.c...
compiling stm32f1xx_hal_msp.c...
compiling dma.c...
compiling usart.c...
compiling gpio.c...
compiling stm32f1xx_hal_tim_ex.c...
compiling main.c...
../Src/main.c(70): warning:  #177-D: variable "sendBuf"  was declared but never referenced
  	uint8_t sendBuf[] = "123456";
../Src/main.c: 1 warning, 0 errors
compiling stm32f1xx_it.c...
compiling wifi.c...
..\Src\wifi.c(112): warning:  #167-D: argument of type "uint8_t *" is incompatible with parameter of type "char *"
  		Send_AT_commend(strConnect(5, "AT+CWJAP=\"", CLIENT_WIFI_NAME, "\",\"", CLIENT_WIFI_PWD, "\""), &wifiConnectFlag, 5000);
..\Src\wifi.c(123): warning:  #167-D: argument of type "uint8_t *" is incompatible with parameter of type "char *"
  	if(Send_AT_commend(strConnect(4, "AT+CIPSTART=\"TCP\",\"", CLIENT_IP, "\",", CLIENT_PORT), &serverConnectFlag, 3000))
..\Src\wifi.c(158): warning:  #167-D: argument of type "uint8_t *" is incompatible with parameter of type "char *"
  	if(Send_AT_commend(strConnect(8, "AT+CWSAP=\"", SERVER_WIFI_NAME, "\",\"", SERVER_WIFI_PASSWORD, "\",", SERVER_CHANNEL, ",", SERVER_ENCRYPTION), &hotspotFlag, 2000))
..\Src\wifi.c(177): warning:  #167-D: argument of type "uint8_t *" is incompatible with parameter of type "char *"
  	if(Send_AT_commend(strConnect(2, "AT+CIPSERVER=1,", SERVER_PORT), &serverCreateFlag, 200))
..\Src\wifi.c(228): warning:  #177-D: variable "counter"  was declared but never referenced
  			uint8_t counter = 0;
..\Src\wifi.c(422): warning:  #167-D: argument of type "uint8_t *" is incompatible with parameter of type "char *restrict"
  	strcat(at_send, "AT+CIPSEND=");
..\Src\wifi.c(457): warning:  #167-D: argument of type "uint8_t *" is incompatible with parameter of type "char *restrict"
      strcat(format,temp);
..\Src\wifi.c(457): warning:  #167-D: argument of type "uint8_t *" is incompatible with parameter of type "const char *restrict"
      strcat(format,temp);
..\Src\wifi.c: 8 warnings, 0 errors
compiling stm32f1xx_hal_tim.c...
compiling stm32f1xx_hal_flash_ex.c...
compiling stm32f1xx_hal_exti.c...
compiling stm32f1xx_hal_rcc_ex.c...
compiling stm32f1xx_hal_gpio.c...
compiling stm32f1xx_hal_dma.c...
compiling stm32f1xx_hal_cortex.c...
compiling stm32f1xx_hal_pwr.c...
compiling stm32f1xx_hal.c...
compiling stm32f1xx_hal_flash.c...
compiling stm32f1xx_hal_rcc.c...
compiling stm32f1xx_hal_uart.c...
compiling system_stm32f1xx.c...
linking...
Program Size: Code=12668 RO-data=292 RW-data=56 ZI-data=3856  
FromELF: creating hex file...
"wifiDemo\wifiDemo.axf" - 0 Error(s), 9 Warning(s).

<h2>Software Packages used:</h2>

Package Vendor: ARM
                http://www.keil.com/pack/ARM.CMSIS.5.7.0.pack
                ARM.CMSIS.5.7.0
                CMSIS (Cortex Microcontroller Software Interface Standard)
   * Component: CORE Version: 5.4.0

Package Vendor: Keil
                http://www.keil.com/pack/Keil.STM32F1xx_DFP.2.1.0.pack
                Keil.STM32F1xx_DFP.2.1.0
                STMicroelectronics STM32F1 Series Device Support, Drivers and Examples

<h2>Collection of Component include folders:</h2>
  .\RTE\_wifiDemo
  D:\Program Files\MDK-ARM\Packs\ARM\CMSIS\5.7.0\CMSIS\Core\Include
  D:\Program Files\MDK-ARM\Packs\Keil\STM32F1xx_DFP\2.1.0\Device\Include

<h2>Collection of Component Files used:</h2>

   * Component: ARM::CMSIS:CORE:5.4.0
Build Time Elapsed:  00:00:05
</pre>
</body>
</html>
