../Core/Src/AT_WIFI.c:16:6:SetESPConfig	24	static
../Core/Src/AT_WIFI.c:25:6:ESP_SendCommand	24	static
../Core/Src/AT_WIFI.c:30:6:ESP_SendTCP	80	static
../Core/Src/AT_WIFI.c:39:6:ESP_UART_Init	16	static
../Core/Src/AT_WIFI.c:45:6:ESP_Reset	8	static
../Core/Src/AT_WIFI.c:53:6:ESP_SetMode_AP	8	static
../Core/Src/AT_WIFI.c:57:6:ESP_SetIP	72	static
../Core/Src/AT_WIFI.c:63:6:ESP_SetMode_AP_STD	8	static
../Core/Src/AT_WIFI.c:67:6:ESP_SetSoftAP	120	static
../Core/Src/AT_WIFI.c:73:6:ESP_ConnectWiFi	120	static
../Core/Src/AT_WIFI.c:79:17:ESP_CheckWiFi	192	static
../Core/Src/AT_WIFI.c:112:15:ESP_GetIPInfo	288	static
../Core/Src/AT_WIFI.c:150:6:ESP_EnableMUX	8	static
../Core/Src/AT_WIFI.c:154:6:ESP_StartServer	72	static
../Core/Src/AT_WIFI.c:160:6:ESP_StopServer	8	static
../Core/Src/AT_WIFI.c:164:6:ESP_ListAPs	8	static
../Core/Src/AT_WIFI.c:168:6:ESP_RestoreDefaults	8	static
../Core/Src/AT_WIFI.c:172:6:ESP_INIT_BASE	8	static
../Core/Src/AT_WIFI.c:181:6:ESP_INIT_FULL	8	static
../Core/Src/AT_WIFI.c:213:6:ESP_Reset_GPIO	8	static
