../Core/Src/AT_WIFI.c:8:6:ESP_SendCommand	24	static
../Core/Src/AT_WIFI.c:13:6:ESP_SendTCP	80	static
../Core/Src/AT_WIFI.c:22:6:ESP_UART_Init	16	static
../Core/Src/AT_WIFI.c:28:6:ESP_Reset	8	static
../Core/Src/AT_WIFI.c:32:6:ESP_SetModeAP	8	static
../Core/Src/AT_WIFI.c:36:6:ESP_SetIP	72	static
../Core/Src/AT_WIFI.c:42:6:ESP_SetModeStation	8	static
../Core/Src/AT_WIFI.c:46:6:ESP_SetSoftAP	120	static
../Core/Src/AT_WIFI.c:52:6:ESP_ConnectWiFi	120	static
../Core/Src/AT_WIFI.c:58:17:ESP_CheckWiFi	192	static
../Core/Src/AT_WIFI.c:127:6:ESP_GetIP	8	static
../Core/Src/AT_WIFI.c:131:6:ESP_EnableMUX	8	static
../Core/Src/AT_WIFI.c:135:6:ESP_StartServer	72	static
../Core/Src/AT_WIFI.c:141:6:ESP_StopServer	8	static
../Core/Src/AT_WIFI.c:145:6:ESP_ListAPs	8	static
../Core/Src/AT_WIFI.c:149:6:ESP_RestoreDefaults	8	static
