../Core/Src/AT_WIFI.c:16:6:SetESPConfig	16	static
../Core/Src/AT_WIFI.c:25:6:ESP_SendCommand	8	static
../Core/Src/AT_WIFI.c:30:6:ESP_SendTCP	72	static
../Core/Src/AT_WIFI.c:39:6:ESP_UART_Init	0	static
../Core/Src/AT_WIFI.c:53:6:ESP_SetMode_AP	8	static
../Core/Src/AT_WIFI.c:57:6:ESP_SetIP	64	static
../Core/Src/AT_WIFI.c:63:6:ESP_SetMode_AP_STD	8	static
../Core/Src/AT_WIFI.c:67:6:ESP_SetSoftAP	112	static
../Core/Src/AT_WIFI.c:81:6:ESP_ConnectWiFi	112	static
../Core/Src/AT_WIFI.c:87:17:ESP_CheckWiFi	176	static
../Core/Src/AT_WIFI.c:120:15:ESP_GetIPInfo	288	static
../Core/Src/AT_WIFI.c:158:6:ESP_EnableMUX	8	static
../Core/Src/AT_WIFI.c:162:6:ESP_StartServer	64	static
../Core/Src/AT_WIFI.c:168:6:ESP_StopServer	8	static
../Core/Src/AT_WIFI.c:172:6:ESP_ListAPs	8	static
../Core/Src/AT_WIFI.c:176:6:ESP_RestoreDefaults	8	static
../Core/Src/AT_WIFI.c:181:6:ESP_RESET_SERVER	8	static
../Core/Src/AT_WIFI.c:230:6:ESP_Reset_GPIO	8	static
../Core/Src/AT_WIFI.c:45:6:ESP_Reset	8	static
../Core/Src/AT_WIFI.c:197:6:ESP_INIT_FULL	8	static
../Core/Src/AT_WIFI.c:188:6:ESP_INIT_BASE	8	static
