../Core/Src/main.c:157:6:convertSecondsToTime	0	static
../Core/Src/main.c:164:10:convertTimeToSeconds	0	static
../Core/Src/main.c:168:6:ssd1306_NoticeView	120	static
../Core/Src/main.c:182:6:ssd1306_WelcomeView	120	static
../Core/Src/main.c:197:6:ssd1306_IndexView	120	static
../Core/Src/main.c:230:6:ssd1306_NetWorkView	120	static
../Core/Src/main.c:251:6:ssd1306_SensorView	128	static
../Core/Src/main.c:302:6:ssd1306_PumpView	120	static
../Core/Src/main.c:344:6:ssd1306_BuzzerView	112	static
../Core/Src/main.c:371:1:ssd1306_ConfigView	128	static
../Core/Src/main.c:407:6:KeyHandeler_WelcomeView	0	static
../Core/Src/main.c:410:6:KeyHandeler_IndexView	8	static
../Core/Src/main.c:433:6:KeyHandeler_NetWorkView	8	static
../Core/Src/main.c:458:6:KeyHandeler_SensorView	8	static
../Core/Src/main.c:512:6:KeyHandeler_PumpView	8	static
../Core/Src/main.c:536:6:KeyHandeler_BuzzerView	8	static
../Core/Src/main.c:566:6:KeyHandeler_ConfigView	8	static
../Core/Src/main.c:603:6:KeyHandeler	8	static
../Core/Src/main.c:621:6:ShowView	8	static
../Core/Src/main.c:653:9:check_DHT11_Alarm	24	static
../Core/Src/main.c:818:6:SystemClock_Config	88	static,ignoring_inline_asm
../Core/Src/main.c:667:5:main	1240	static,ignoring_inline_asm
../Core/Src/main.c:1370:6:Error_Handler	0	static,ignoring_inline_asm
