../Core/Src/main.c:149:6:ssd1306_NoticeView	120	static
../Core/Src/main.c:163:6:ssd1306_WelcomeView	120	static
../Core/Src/main.c:178:6:ssd1306_IndexView	120	static
../Core/Src/main.c:207:6:ssd1306_NetWorkView	120	static
../Core/Src/main.c:228:6:ssd1306_SensorView	128	static
../Core/Src/main.c:279:6:ssd1306_PumpView	120	static
../Core/Src/main.c:315:6:ssd1306_BuzzerView	112	static
../Core/Src/main.c:342:1:ssd1306_ConfigView	128	static
../Core/Src/main.c:378:6:KeyHandeler_WelcomeView	0	static
../Core/Src/main.c:381:6:KeyHandeler_IndexView	8	static
../Core/Src/main.c:404:6:KeyHandeler_NetWorkView	8	static
../Core/Src/main.c:429:6:KeyHandeler_SensorView	8	static
../Core/Src/main.c:483:6:KeyHandeler_PumpView	8	static
../Core/Src/main.c:507:6:KeyHandeler_BuzzerView	8	static
../Core/Src/main.c:537:6:KeyHandeler_ConfigView	8	static
../Core/Src/main.c:571:6:KeyHandeler	8	static
../Core/Src/main.c:589:6:ShowView	8	static
../Core/Src/main.c:619:6:convertSecondsToTime	0	static
../Core/Src/main.c:785:6:SystemClock_Config	88	static,ignoring_inline_asm
../Core/Src/main.c:635:5:main	1232	static,ignoring_inline_asm
../Core/Src/main.c:1375:6:Error_Handler	0	static,ignoring_inline_asm
