../Core/Src/ssd1306.c:5:6:ssd1306_Reset	0	static
../Core/Src/ssd1306.c:10:6:ssd1306_WriteCommand	32	static
../Core/Src/ssd1306.c:15:6:ssd1306_WriteData	24	static
../Core/Src/ssd1306.c:163:6:ssd1306_Fill	0	static
../Core/Src/ssd1306.c:173:6:ssd1306_UpdateScreen	24	static
../Core/Src/ssd1306.c:60:6:ssd1306_Init	8	static
../Core/Src/ssd1306.c:192:6:ssd1306_DrawPixel	4	static
../Core/Src/ssd1306.c:215:6:ssd1306_WriteChar	56	static
../Core/Src/ssd1306.c:250:6:ssd1306_WriteString	24	static
../Core/Src/ssd1306.c:267:6:ssd1306_SetCursor	0	static
