../Core/Src/stm32f1xx_hal_msp.c:70:6:HAL_MspInit	8	static
../Core/Src/stm32f1xx_hal_msp.c:97:6:HAL_ADC_MspInit	40	static
../Core/Src/stm32f1xx_hal_msp.c:175:6:HAL_ADC_MspDeInit	8	static
../Core/Src/stm32f1xx_hal_msp.c:244:6:HAL_I2C_MspInit	32	static
../Core/Src/stm32f1xx_hal_msp.c:280:6:HAL_I2C_MspDeInit	8	static
../Core/Src/stm32f1xx_hal_msp.c:311:6:HAL_TIM_Base_MspInit	24	static
../Core/Src/stm32f1xx_hal_msp.c:363:6:HAL_TIM_MspPostInit	32	static
../Core/Src/stm32f1xx_hal_msp.c:413:6:HAL_TIM_Base_MspDeInit	8	static
../Core/Src/stm32f1xx_hal_msp.c:471:6:HAL_UART_MspInit	48	static
../Core/Src/stm32f1xx_hal_msp.c:575:6:HAL_UART_MspDeInit	8	static
