15:09:59 **** Incremental Build of configuration Debug for project prj1 ****
make -j20 all 
arm-none-eabi-gcc "../Core/Src/main.c" -mcpu=cortex-m3 -std=gnu11 -g3 -DDEBUG -DUSE_HAL_DRIVER -DSTM32F103xB -c -I../Core/Inc -I../Drivers/STM32F1xx_HAL_Driver/Inc/Legacy -I../Drivers/STM32F1xx_HAL_Driver/Inc -I../Drivers/CMSIS/Device/ST/STM32F1xx/Include -I../Drivers/CMSIS/Include -Os -ffunction-sections -fdata-sections -Wall -fstack-usage -fcyclomatic-complexity -MMD -MP -MF"Core/Src/main.d" -MT"Core/Src/main.o" --specs=nano.specs -mfloat-abi=soft -mthumb -o "Core/Src/main.o"
../Core/Src/main.c: In function 'ssd1306_WelcomeView':
../Core/Src/main.c:120:17: warning: pointer targets in passing argument 1 of 'sprintf' differ in signedness [-Wpointer-sign]
  120 |         sprintf(msg, "BOOTING");
      |                 ^~~
      |                 |
      |                 uint8_t * {aka unsigned char *}
In file included from ../Core/Inc/AT_WIFI.h:7,
                 from ../Core/Src/main.c:28:
C:\ST\STM32CubeIDE_1.15.1\STM32CubeIDE\plugins\com.st.stm32cube.ide.mcu.externaltools.gnu-tools-for-stm32.12.3.rel1.win32_1.0.100.202403111256\tools\bin/../lib/gcc/arm-none-eabi/12.3.1/../../../../arm-none-eabi/include/stdio.h:250:18: note: expected 'char * restrict' but argument is of type 'uint8_t *' {aka 'unsigned char *'}
  250 | int     sprintf (char *__restrict, const char *__restrict, ...)
      |                  ^
../Core/Src/main.c:121:29: warning: pointer targets in passing argument 1 of 'ssd1306_WriteString' differ in signedness [-Wpointer-sign]
  121 |         ssd1306_WriteString(msg, Font_11x18, White);
      |                             ^~~
      |                             |
      |                             uint8_t * {aka unsigned char *}
In file included from ../Core/Inc/ssd1306_Views.h:5,
                 from ../Core/Src/main.c:25:
../Core/Inc/ssd1306.h:125:32: note: expected 'char *' but argument is of type 'uint8_t *' {aka 'unsigned char *'}
  125 | char ssd1306_WriteString(char* str, FontDef Font, SSD1306_COLOR color);
      |                          ~~~~~~^~~
../Core/Src/main.c:123:17: warning: pointer targets in passing argument 1 of 'sprintf' differ in signedness [-Wpointer-sign]
  123 |         sprintf(msg, "Course PrjC");
      |                 ^~~
      |                 |
      |                 uint8_t * {aka unsigned char *}
C:\ST\STM32CubeIDE_1.15.1\STM32CubeIDE\plugins\com.st.stm32cube.ide.mcu.externaltools.gnu-tools-for-stm32.12.3.rel1.win32_1.0.100.202403111256\tools\bin/../lib/gcc/arm-none-eabi/12.3.1/../../../../arm-none-eabi/include/stdio.h:250:18: note: expected 'char * restrict' but argument is of type 'uint8_t *' {aka 'unsigned char *'}
  250 | int     sprintf (char *__restrict, const char *__restrict, ...)
      |                  ^
../Core/Src/main.c:124:29: warning: pointer targets in passing argument 1 of 'ssd1306_WriteString' differ in signedness [-Wpointer-sign]
  124 |         ssd1306_WriteString(msg, Font_11x18, White);
      |                             ^~~
      |                             |
      |                             uint8_t * {aka unsigned char *}
../Core/Inc/ssd1306.h:125:32: note: expected 'char *' but argument is of type 'uint8_t *' {aka 'unsigned char *'}
  125 | char ssd1306_WriteString(char* str, FontDef Font, SSD1306_COLOR color);
      |                          ~~~~~~^~~
../Core/Src/main.c:126:17: warning: pointer targets in passing argument 1 of 'sprintf' differ in signedness [-Wpointer-sign]
  126 |         sprintf(msg, "Initialing...");
      |                 ^~~
      |                 |
      |                 uint8_t * {aka unsigned char *}
C:\ST\STM32CubeIDE_1.15.1\STM32CubeIDE\plugins\com.st.stm32cube.ide.mcu.externaltools.gnu-tools-for-stm32.12.3.rel1.win32_1.0.100.202403111256\tools\bin/../lib/gcc/arm-none-eabi/12.3.1/../../../../arm-none-eabi/include/stdio.h:250:18: note: expected 'char * restrict' but argument is of type 'uint8_t *' {aka 'unsigned char *'}
  250 | int     sprintf (char *__restrict, const char *__restrict, ...)
      |                  ^
../Core/Src/main.c:127:29: warning: pointer targets in passing argument 1 of 'ssd1306_WriteString' differ in signedness [-Wpointer-sign]
  127 |         ssd1306_WriteString(msg, Font_7x10, White);
      |                             ^~~
      |                             |
      |                             uint8_t * {aka unsigned char *}
../Core/Inc/ssd1306.h:125:32: note: expected 'char *' but argument is of type 'uint8_t *' {aka 'unsigned char *'}
  125 | char ssd1306_WriteString(char* str, FontDef Font, SSD1306_COLOR color);
      |                          ~~~~~~^~~
../Core/Src/main.c: In function 'ssd1306_IndexView':
../Core/Src/main.c:137:17: warning: pointer targets in passing argument 1 of 'sprintf' differ in signedness [-Wpointer-sign]
  137 |         sprintf(msg, "Index");
      |                 ^~~
      |                 |
      |                 uint8_t * {aka unsigned char *}
C:\ST\STM32CubeIDE_1.15.1\STM32CubeIDE\plugins\com.st.stm32cube.ide.mcu.externaltools.gnu-tools-for-stm32.12.3.rel1.win32_1.0.100.202403111256\tools\bin/../lib/gcc/arm-none-eabi/12.3.1/../../../../arm-none-eabi/include/stdio.h:250:18: note: expected 'char * restrict' but argument is of type 'uint8_t *' {aka 'unsigned char *'}
  250 | int     sprintf (char *__restrict, const char *__restrict, ...)
      |                  ^
../Core/Src/main.c:138:29: warning: pointer targets in passing argument 1 of 'ssd1306_WriteString' differ in signedness [-Wpointer-sign]
  138 |         ssd1306_WriteString(msg, Font_11x18, White);
      |                             ^~~
      |                             |
      |                             uint8_t * {aka unsigned char *}
../Core/Inc/ssd1306.h:125:32: note: expected 'char *' but argument is of type 'uint8_t *' {aka 'unsigned char *'}
  125 | char ssd1306_WriteString(char* str, FontDef Font, SSD1306_COLOR color);
      |                          ~~~~~~^~~
../Core/Src/main.c:140:17: warning: pointer targets in passing argument 1 of 'sprintf' differ in signedness [-Wpointer-sign]
  140 |         sprintf(msg, "Course PrjC");
      |                 ^~~
      |                 |
      |                 uint8_t * {aka unsigned char *}
C:\ST\STM32CubeIDE_1.15.1\STM32CubeIDE\plugins\com.st.stm32cube.ide.mcu.externaltools.gnu-tools-for-stm32.12.3.rel1.win32_1.0.100.202403111256\tools\bin/../lib/gcc/arm-none-eabi/12.3.1/../../../../arm-none-eabi/include/stdio.h:250:18: note: expected 'char * restrict' but argument is of type 'uint8_t *' {aka 'unsigned char *'}
  250 | int     sprintf (char *__restrict, const char *__restrict, ...)
      |                  ^
../Core/Src/main.c:141:29: warning: pointer targets in passing argument 1 of 'ssd1306_WriteString' differ in signedness [-Wpointer-sign]
  141 |         ssd1306_WriteString(msg, Font_11x18, White);
      |                             ^~~
      |                             |
      |                             uint8_t * {aka unsigned char *}
../Core/Inc/ssd1306.h:125:32: note: expected 'char *' but argument is of type 'uint8_t *' {aka 'unsigned char *'}
  125 | char ssd1306_WriteString(char* str, FontDef Font, SSD1306_COLOR color);
      |                          ~~~~~~^~~
../Core/Src/main.c:143:17: warning: pointer targets in passing argument 1 of 'sprintf' differ in signedness [-Wpointer-sign]
  143 |         sprintf(msg, "Initialing...");
      |                 ^~~
      |                 |
      |                 uint8_t * {aka unsigned char *}
C:\ST\STM32CubeIDE_1.15.1\STM32CubeIDE\plugins\com.st.stm32cube.ide.mcu.externaltools.gnu-tools-for-stm32.12.3.rel1.win32_1.0.100.202403111256\tools\bin/../lib/gcc/arm-none-eabi/12.3.1/../../../../arm-none-eabi/include/stdio.h:250:18: note: expected 'char * restrict' but argument is of type 'uint8_t *' {aka 'unsigned char *'}
  250 | int     sprintf (char *__restrict, const char *__restrict, ...)
      |                  ^
../Core/Src/main.c:144:29: warning: pointer targets in passing argument 1 of 'ssd1306_WriteString' differ in signedness [-Wpointer-sign]
  144 |         ssd1306_WriteString(msg, Font_7x10, White);
      |                             ^~~
      |                             |
      |                             uint8_t * {aka unsigned char *}
../Core/Inc/ssd1306.h:125:32: note: expected 'char *' but argument is of type 'uint8_t *' {aka 'unsigned char *'}
  125 | char ssd1306_WriteString(char* str, FontDef Font, SSD1306_COLOR color);
      |                          ~~~~~~^~~
../Core/Src/main.c: In function 'ssd1306_NetWorkView':
../Core/Src/main.c:155:17: warning: pointer targets in passing argument 1 of 'sprintf' differ in signedness [-Wpointer-sign]
  155 |         sprintf(msg, "NETWORK %d",WiFiInfo.rssi);
      |                 ^~~
      |                 |
      |                 uint8_t * {aka unsigned char *}
C:\ST\STM32CubeIDE_1.15.1\STM32CubeIDE\plugins\com.st.stm32cube.ide.mcu.externaltools.gnu-tools-for-stm32.12.3.rel1.win32_1.0.100.202403111256\tools\bin/../lib/gcc/arm-none-eabi/12.3.1/../../../../arm-none-eabi/include/stdio.h:250:18: note: expected 'char * restrict' but argument is of type 'uint8_t *' {aka 'unsigned char *'}
  250 | int     sprintf (char *__restrict, const char *__restrict, ...)
      |                  ^
../Core/Src/main.c:156:29: warning: pointer targets in passing argument 1 of 'ssd1306_WriteString' differ in signedness [-Wpointer-sign]
  156 |         ssd1306_WriteString(msg, Font_11x18, White);
      |                             ^~~
      |                             |
      |                             uint8_t * {aka unsigned char *}
../Core/Inc/ssd1306.h:125:32: note: expected 'char *' but argument is of type 'uint8_t *' {aka 'unsigned char *'}
  125 | char ssd1306_WriteString(char* str, FontDef Font, SSD1306_COLOR color);
      |                          ~~~~~~^~~
../Core/Src/main.c:158:17: warning: pointer targets in passing argument 1 of 'sprintf' differ in signedness [-Wpointer-sign]
  158 |         sprintf(msg, "HarmonyNextIOT");
      |                 ^~~
      |                 |
      |                 uint8_t * {aka unsigned char *}
C:\ST\STM32CubeIDE_1.15.1\STM32CubeIDE\plugins\com.st.stm32cube.ide.mcu.externaltools.gnu-tools-for-stm32.12.3.rel1.win32_1.0.100.202403111256\tools\bin/../lib/gcc/arm-none-eabi/12.3.1/../../../../arm-none-eabi/include/stdio.h:250:18: note: expected 'char * restrict' but argument is of type 'uint8_t *' {aka 'unsigned char *'}
  250 | int     sprintf (char *__restrict, const char *__restrict, ...)
      |                  ^
../Core/Src/main.c:159:29: warning: pointer targets in passing argument 1 of 'ssd1306_WriteString' differ in signedness [-Wpointer-sign]
  159 |         ssd1306_WriteString(msg, Font_7x10, White);
      |                             ^~~
      |                             |
      |                             uint8_t * {aka unsigned char *}
../Core/Inc/ssd1306.h:125:32: note: expected 'char *' but argument is of type 'uint8_t *' {aka 'unsigned char *'}
  125 | char ssd1306_WriteString(char* str, FontDef Font, SSD1306_COLOR color);
      |                          ~~~~~~^~~
../Core/Src/main.c:161:17: warning: pointer targets in passing argument 1 of 'sprintf' differ in signedness [-Wpointer-sign]
  161 |         sprintf(msg, "AP :%s",IPInfo.AP_IP);
      |                 ^~~
      |                 |
      |                 uint8_t * {aka unsigned char *}
C:\ST\STM32CubeIDE_1.15.1\STM32CubeIDE\plugins\com.st.stm32cube.ide.mcu.externaltools.gnu-tools-for-stm32.12.3.rel1.win32_1.0.100.202403111256\tools\bin/../lib/gcc/arm-none-eabi/12.3.1/../../../../arm-none-eabi/include/stdio.h:250:18: note: expected 'char * restrict' but argument is of type 'uint8_t *' {aka 'unsigned char *'}
  250 | int     sprintf (char *__restrict, const char *__restrict, ...)
      |                  ^
../Core/Src/main.c:162:29: warning: pointer targets in passing argument 1 of 'ssd1306_WriteString' differ in signedness [-Wpointer-sign]
  162 |         ssd1306_WriteString(msg, Font_7x10, White);
      |                             ^~~
      |                             |
      |                             uint8_t * {aka unsigned char *}
../Core/Inc/ssd1306.h:125:32: note: expected 'char *' but argument is of type 'uint8_t *' {aka 'unsigned char *'}
  125 | char ssd1306_WriteString(char* str, FontDef Font, SSD1306_COLOR color);
      |                          ~~~~~~^~~
../Core/Src/main.c:164:17: warning: pointer targets in passing argument 1 of 'sprintf' differ in signedness [-Wpointer-sign]
  164 |         sprintf(msg, "%s",WiFiInfo.ssid);
      |                 ^~~
      |                 |
      |                 uint8_t * {aka unsigned char *}
C:\ST\STM32CubeIDE_1.15.1\STM32CubeIDE\plugins\com.st.stm32cube.ide.mcu.externaltools.gnu-tools-for-stm32.12.3.rel1.win32_1.0.100.202403111256\tools\bin/../lib/gcc/arm-none-eabi/12.3.1/../../../../arm-none-eabi/include/stdio.h:250:18: note: expected 'char * restrict' but argument is of type 'uint8_t *' {aka 'unsigned char *'}
  250 | int     sprintf (char *__restrict, const char *__restrict, ...)
      |                  ^
../Core/Src/main.c:165:29: warning: pointer targets in passing argument 1 of 'ssd1306_WriteString' differ in signedness [-Wpointer-sign]
  165 |         ssd1306_WriteString(msg, Font_7x10, White);
      |                             ^~~
      |                             |
      |                             uint8_t * {aka unsigned char *}
../Core/Inc/ssd1306.h:125:32: note: expected 'char *' but argument is of type 'uint8_t *' {aka 'unsigned char *'}
  125 | char ssd1306_WriteString(char* str, FontDef Font, SSD1306_COLOR color);
      |                          ~~~~~~^~~
../Core/Src/main.c:167:17: warning: pointer targets in passing argument 1 of 'sprintf' differ in signedness [-Wpointer-sign]
  167 |         sprintf(msg, "STA:%s",IPInfo.STA_IP);
      |                 ^~~
      |                 |
      |                 uint8_t * {aka unsigned char *}
C:\ST\STM32CubeIDE_1.15.1\STM32CubeIDE\plugins\com.st.stm32cube.ide.mcu.externaltools.gnu-tools-for-stm32.12.3.rel1.win32_1.0.100.202403111256\tools\bin/../lib/gcc/arm-none-eabi/12.3.1/../../../../arm-none-eabi/include/stdio.h:250:18: note: expected 'char * restrict' but argument is of type 'uint8_t *' {aka 'unsigned char *'}
  250 | int     sprintf (char *__restrict, const char *__restrict, ...)
      |                  ^
../Core/Src/main.c:168:29: warning: pointer targets in passing argument 1 of 'ssd1306_WriteString' differ in signedness [-Wpointer-sign]
  168 |         ssd1306_WriteString(msg, Font_7x10, White);
      |                             ^~~
      |                             |
      |                             uint8_t * {aka unsigned char *}
../Core/Inc/ssd1306.h:125:32: note: expected 'char *' but argument is of type 'uint8_t *' {aka 'unsigned char *'}
  125 | char ssd1306_WriteString(char* str, FontDef Font, SSD1306_COLOR color);
      |                          ~~~~~~^~~
../Core/Src/main.c: In function 'ssd1306_SensorView':
../Core/Src/main.c:176:17: warning: pointer targets in passing argument 1 of 'sprintf' differ in signedness [-Wpointer-sign]
  176 |         sprintf(msg, "SENSOR");
      |                 ^~~
      |                 |
      |                 uint8_t * {aka unsigned char *}
C:\ST\STM32CubeIDE_1.15.1\STM32CubeIDE\plugins\com.st.stm32cube.ide.mcu.externaltools.gnu-tools-for-stm32.12.3.rel1.win32_1.0.100.202403111256\tools\bin/../lib/gcc/arm-none-eabi/12.3.1/../../../../arm-none-eabi/include/stdio.h:250:18: note: expected 'char * restrict' but argument is of type 'uint8_t *' {aka 'unsigned char *'}
  250 | int     sprintf (char *__restrict, const char *__restrict, ...)
      |                  ^
../Core/Src/main.c:177:29: warning: pointer targets in passing argument 1 of 'ssd1306_WriteString' differ in signedness [-Wpointer-sign]
  177 |         ssd1306_WriteString(msg, Font_11x18, White);
      |                             ^~~
      |                             |
      |                             uint8_t * {aka unsigned char *}
../Core/Inc/ssd1306.h:125:32: note: expected 'char *' but argument is of type 'uint8_t *' {aka 'unsigned char *'}
  125 | char ssd1306_WriteString(char* str, FontDef Font, SSD1306_COLOR color);
      |                          ~~~~~~^~~
../Core/Src/main.c:179:17: warning: pointer targets in passing argument 1 of 'sprintf' differ in signedness [-Wpointer-sign]
  179 |         sprintf(msg, "T:%dC",(uint8_t)DHT11_Info.temp);
      |                 ^~~
      |                 |
      |                 uint8_t * {aka unsigned char *}
C:\ST\STM32CubeIDE_1.15.1\STM32CubeIDE\plugins\com.st.stm32cube.ide.mcu.externaltools.gnu-tools-for-stm32.12.3.rel1.win32_1.0.100.202403111256\tools\bin/../lib/gcc/arm-none-eabi/12.3.1/../../../../arm-none-eabi/include/stdio.h:250:18: note: expected 'char * restrict' but argument is of type 'uint8_t *' {aka 'unsigned char *'}
  250 | int     sprintf (char *__restrict, const char *__restrict, ...)
      |                  ^
../Core/Src/main.c:180:29: warning: pointer targets in passing argument 1 of 'ssd1306_WriteString' differ in signedness [-Wpointer-sign]
  180 |         ssd1306_WriteString(msg, Font_11x18, White);
      |                             ^~~
      |                             |
      |                             uint8_t * {aka unsigned char *}
../Core/Inc/ssd1306.h:125:32: note: expected 'char *' but argument is of type 'uint8_t *' {aka 'unsigned char *'}
  125 | char ssd1306_WriteString(char* str, FontDef Font, SSD1306_COLOR color);
      |                          ~~~~~~^~~
../Core/Src/main.c:182:17: warning: pointer targets in passing argument 1 of 'sprintf' differ in signedness [-Wpointer-sign]
  182 |         sprintf(msg, "H:%d%%",(uint8_t)DHT11_Info.hum);
      |                 ^~~
      |                 |
      |                 uint8_t * {aka unsigned char *}
C:\ST\STM32CubeIDE_1.15.1\STM32CubeIDE\plugins\com.st.stm32cube.ide.mcu.externaltools.gnu-tools-for-stm32.12.3.rel1.win32_1.0.100.202403111256\tools\bin/../lib/gcc/arm-none-eabi/12.3.1/../../../../arm-none-eabi/include/stdio.h:250:18: note: expected 'char * restrict' but argument is of type 'uint8_t *' {aka 'unsigned char *'}
  250 | int     sprintf (char *__restrict, const char *__restrict, ...)
      |                  ^
../Core/Src/main.c:183:29: warning: pointer targets in passing argument 1 of 'ssd1306_WriteString' differ in signedness [-Wpointer-sign]
  183 |         ssd1306_WriteString(msg, Font_11x18, White);
      |                             ^~~
      |                             |
      |                             uint8_t * {aka unsigned char *}
../Core/Inc/ssd1306.h:125:32: note: expected 'char *' but argument is of type 'uint8_t *' {aka 'unsigned char *'}
  125 | char ssd1306_WriteString(char* str, FontDef Font, SSD1306_COLOR color);
      |                          ~~~~~~^~~
../Core/Src/main.c:185:17: warning: pointer targets in passing argument 1 of 'sprintf' differ in signedness [-Wpointer-sign]
  185 |         sprintf(msg, "%d",(uint8_t)DHT11_Alarm_L.temp);
      |                 ^~~
      |                 |
      |                 uint8_t * {aka unsigned char *}
C:\ST\STM32CubeIDE_1.15.1\STM32CubeIDE\plugins\com.st.stm32cube.ide.mcu.externaltools.gnu-tools-for-stm32.12.3.rel1.win32_1.0.100.202403111256\tools\bin/../lib/gcc/arm-none-eabi/12.3.1/../../../../arm-none-eabi/include/stdio.h:250:18: note: expected 'char * restrict' but argument is of type 'uint8_t *' {aka 'unsigned char *'}
  250 | int     sprintf (char *__restrict, const char *__restrict, ...)
      |                  ^
../Core/Src/main.c:186:29: warning: pointer targets in passing argument 1 of 'ssd1306_WriteString' differ in signedness [-Wpointer-sign]
  186 |         ssd1306_WriteString(msg, Font_7x10, White);
      |                             ^~~
      |                             |
      |                             uint8_t * {aka unsigned char *}
../Core/Inc/ssd1306.h:125:32: note: expected 'char *' but argument is of type 'uint8_t *' {aka 'unsigned char *'}
  125 | char ssd1306_WriteString(char* str, FontDef Font, SSD1306_COLOR color);
      |                          ~~~~~~^~~
../Core/Src/main.c:188:17: warning: pointer targets in passing argument 1 of 'sprintf' differ in signedness [-Wpointer-sign]
  188 |         sprintf(msg, "%d",(uint8_t)DHT11_Alarm_H.temp);
      |                 ^~~
      |                 |
      |                 uint8_t * {aka unsigned char *}
C:\ST\STM32CubeIDE_1.15.1\STM32CubeIDE\plugins\com.st.stm32cube.ide.mcu.externaltools.gnu-tools-for-stm32.12.3.rel1.win32_1.0.100.202403111256\tools\bin/../lib/gcc/arm-none-eabi/12.3.1/../../../../arm-none-eabi/include/stdio.h:250:18: note: expected 'char * restrict' but argument is of type 'uint8_t *' {aka 'unsigned char *'}
  250 | int     sprintf (char *__restrict, const char *__restrict, ...)
      |                  ^
../Core/Src/main.c:189:29: warning: pointer targets in passing argument 1 of 'ssd1306_WriteString' differ in signedness [-Wpointer-sign]
  189 |         ssd1306_WriteString(msg, Font_7x10, White);
      |                             ^~~
      |                             |
      |                             uint8_t * {aka unsigned char *}
../Core/Inc/ssd1306.h:125:32: note: expected 'char *' but argument is of type 'uint8_t *' {aka 'unsigned char *'}
  125 | char ssd1306_WriteString(char* str, FontDef Font, SSD1306_COLOR color);
      |                          ~~~~~~^~~
../Core/Src/main.c:191:17: warning: pointer targets in passing argument 1 of 'sprintf' differ in signedness [-Wpointer-sign]
  191 |         sprintf(msg, "%d",(uint8_t)DHT11_Alarm_L.hum);
      |                 ^~~
      |                 |
      |                 uint8_t * {aka unsigned char *}
C:\ST\STM32CubeIDE_1.15.1\STM32CubeIDE\plugins\com.st.stm32cube.ide.mcu.externaltools.gnu-tools-for-stm32.12.3.rel1.win32_1.0.100.202403111256\tools\bin/../lib/gcc/arm-none-eabi/12.3.1/../../../../arm-none-eabi/include/stdio.h:250:18: note: expected 'char * restrict' but argument is of type 'uint8_t *' {aka 'unsigned char *'}
  250 | int     sprintf (char *__restrict, const char *__restrict, ...)
      |                  ^
../Core/Src/main.c:192:29: warning: pointer targets in passing argument 1 of 'ssd1306_WriteString' differ in signedness [-Wpointer-sign]
  192 |         ssd1306_WriteString(msg, Font_7x10, White);
      |                             ^~~
      |                             |
      |                             uint8_t * {aka unsigned char *}
../Core/Inc/ssd1306.h:125:32: note: expected 'char *' but argument is of type 'uint8_t *' {aka 'unsigned char *'}
  125 | char ssd1306_WriteString(char* str, FontDef Font, SSD1306_COLOR color);
      |                          ~~~~~~^~~
../Core/Src/main.c:194:17: warning: pointer targets in passing argument 1 of 'sprintf' differ in signedness [-Wpointer-sign]
  194 |         sprintf(msg, "%d",(uint8_t)DHT11_Alarm_H.hum);
      |                 ^~~
      |                 |
      |                 uint8_t * {aka unsigned char *}
C:\ST\STM32CubeIDE_1.15.1\STM32CubeIDE\plugins\com.st.stm32cube.ide.mcu.externaltools.gnu-tools-for-stm32.12.3.rel1.win32_1.0.100.202403111256\tools\bin/../lib/gcc/arm-none-eabi/12.3.1/../../../../arm-none-eabi/include/stdio.h:250:18: note: expected 'char * restrict' but argument is of type 'uint8_t *' {aka 'unsigned char *'}
  250 | int     sprintf (char *__restrict, const char *__restrict, ...)
      |                  ^
../Core/Src/main.c:195:29: warning: pointer targets in passing argument 1 of 'ssd1306_WriteString' differ in signedness [-Wpointer-sign]
  195 |         ssd1306_WriteString(msg, Font_7x10, White);
      |                             ^~~
      |                             |
      |                             uint8_t * {aka unsigned char *}
../Core/Inc/ssd1306.h:125:32: note: expected 'char *' but argument is of type 'uint8_t *' {aka 'unsigned char *'}
  125 | char ssd1306_WriteString(char* str, FontDef Font, SSD1306_COLOR color);
      |                          ~~~~~~^~~
../Core/Src/main.c:198:17: warning: pointer targets in passing argument 1 of 'sprintf' differ in signedness [-Wpointer-sign]
  198 |         sprintf(msg, "SOIL");
      |                 ^~~
      |                 |
      |                 uint8_t * {aka unsigned char *}
C:\ST\STM32CubeIDE_1.15.1\STM32CubeIDE\plugins\com.st.stm32cube.ide.mcu.externaltools.gnu-tools-for-stm32.12.3.rel1.win32_1.0.100.202403111256\tools\bin/../lib/gcc/arm-none-eabi/12.3.1/../../../../arm-none-eabi/include/stdio.h:250:18: note: expected 'char * restrict' but argument is of type 'uint8_t *' {aka 'unsigned char *'}
  250 | int     sprintf (char *__restrict, const char *__restrict, ...)
      |                  ^
../Core/Src/main.c:199:29: warning: pointer targets in passing argument 1 of 'ssd1306_WriteString' differ in signedness [-Wpointer-sign]
  199 |         ssd1306_WriteString(msg, Font_7x10, White);
      |                             ^~~
      |                             |
      |                             uint8_t * {aka unsigned char *}
../Core/Inc/ssd1306.h:125:32: note: expected 'char *' but argument is of type 'uint8_t *' {aka 'unsigned char *'}
  125 | char ssd1306_WriteString(char* str, FontDef Font, SSD1306_COLOR color);
      |                          ~~~~~~^~~
../Core/Src/main.c:201:17: warning: pointer targets in passing argument 1 of 'sprintf' differ in signedness [-Wpointer-sign]
  201 |         sprintf(msg, "1:%d",(uint8_t)DHT11_Alarm_H.temp);
      |                 ^~~
      |                 |
      |                 uint8_t * {aka unsigned char *}
C:\ST\STM32CubeIDE_1.15.1\STM32CubeIDE\plugins\com.st.stm32cube.ide.mcu.externaltools.gnu-tools-for-stm32.12.3.rel1.win32_1.0.100.202403111256\tools\bin/../lib/gcc/arm-none-eabi/12.3.1/../../../../arm-none-eabi/include/stdio.h:250:18: note: expected 'char * restrict' but argument is of type 'uint8_t *' {aka 'unsigned char *'}
  250 | int     sprintf (char *__restrict, const char *__restrict, ...)
      |                  ^
../Core/Src/main.c:202:29: warning: pointer targets in passing argument 1 of 'ssd1306_WriteString' differ in signedness [-Wpointer-sign]
  202 |         ssd1306_WriteString(msg, Font_7x10, White);
      |                             ^~~
      |                             |
      |                             uint8_t * {aka unsigned char *}
../Core/Inc/ssd1306.h:125:32: note: expected 'char *' but argument is of type 'uint8_t *' {aka 'unsigned char *'}
  125 | char ssd1306_WriteString(char* str, FontDef Font, SSD1306_COLOR color);
      |                          ~~~~~~^~~
../Core/Src/main.c:204:17: warning: pointer targets in passing argument 1 of 'sprintf' differ in signedness [-Wpointer-sign]
  204 |         sprintf(msg, "2:%d",(uint8_t)DHT11_Alarm_H.temp);
      |                 ^~~
      |                 |
      |                 uint8_t * {aka unsigned char *}
C:\ST\STM32CubeIDE_1.15.1\STM32CubeIDE\plugins\com.st.stm32cube.ide.mcu.externaltools.gnu-tools-for-stm32.12.3.rel1.win32_1.0.100.202403111256\tools\bin/../lib/gcc/arm-none-eabi/12.3.1/../../../../arm-none-eabi/include/stdio.h:250:18: note: expected 'char * restrict' but argument is of type 'uint8_t *' {aka 'unsigned char *'}
  250 | int     sprintf (char *__restrict, const char *__restrict, ...)
      |                  ^
../Core/Src/main.c:205:29: warning: pointer targets in passing argument 1 of 'ssd1306_WriteString' differ in signedness [-Wpointer-sign]
  205 |         ssd1306_WriteString(msg, Font_7x10, White);
      |                             ^~~
      |                             |
      |                             uint8_t * {aka unsigned char *}
../Core/Inc/ssd1306.h:125:32: note: expected 'char *' but argument is of type 'uint8_t *' {aka 'unsigned char *'}
  125 | char ssd1306_WriteString(char* str, FontDef Font, SSD1306_COLOR color);
      |                          ~~~~~~^~~
../Core/Src/main.c:207:17: warning: pointer targets in passing argument 1 of 'sprintf' differ in signedness [-Wpointer-sign]
  207 |         sprintf(msg, "3:%d",(uint8_t)DHT11_Alarm_H.temp);
      |                 ^~~
      |                 |
      |                 uint8_t * {aka unsigned char *}
C:\ST\STM32CubeIDE_1.15.1\STM32CubeIDE\plugins\com.st.stm32cube.ide.mcu.externaltools.gnu-tools-for-stm32.12.3.rel1.win32_1.0.100.202403111256\tools\bin/../lib/gcc/arm-none-eabi/12.3.1/../../../../arm-none-eabi/include/stdio.h:250:18: note: expected 'char * restrict' but argument is of type 'uint8_t *' {aka 'unsigned char *'}
  250 | int     sprintf (char *__restrict, const char *__restrict, ...)
      |                  ^
../Core/Src/main.c:208:29: warning: pointer targets in passing argument 1 of 'ssd1306_WriteString' differ in signedness [-Wpointer-sign]
  208 |         ssd1306_WriteString(msg, Font_7x10, White);
      |                             ^~~
      |                             |
      |                             uint8_t * {aka unsigned char *}
../Core/Inc/ssd1306.h:125:32: note: expected 'char *' but argument is of type 'uint8_t *' {aka 'unsigned char *'}
  125 | char ssd1306_WriteString(char* str, FontDef Font, SSD1306_COLOR color);
      |                          ~~~~~~^~~
../Core/Src/main.c:213:17: warning: pointer targets in passing argument 1 of 'sprintf' differ in signedness [-Wpointer-sign]
  213 |         sprintf(msg, "<");
      |                 ^~~
      |                 |
      |                 uint8_t * {aka unsigned char *}
C:\ST\STM32CubeIDE_1.15.1\STM32CubeIDE\plugins\com.st.stm32cube.ide.mcu.externaltools.gnu-tools-for-stm32.12.3.rel1.win32_1.0.100.202403111256\tools\bin/../lib/gcc/arm-none-eabi/12.3.1/../../../../arm-none-eabi/include/stdio.h:250:18: note: expected 'char * restrict' but argument is of type 'uint8_t *' {aka 'unsigned char *'}
  250 | int     sprintf (char *__restrict, const char *__restrict, ...)
      |                  ^
../Core/Src/main.c:214:29: warning: pointer targets in passing argument 1 of 'ssd1306_WriteString' differ in signedness [-Wpointer-sign]
  214 |         ssd1306_WriteString(msg, Font_6x8, White);
      |                             ^~~
      |                             |
      |                             uint8_t * {aka unsigned char *}
../Core/Inc/ssd1306.h:125:32: note: expected 'char *' but argument is of type 'uint8_t *' {aka 'unsigned char *'}
  125 | char ssd1306_WriteString(char* str, FontDef Font, SSD1306_COLOR color);
      |                          ~~~~~~^~~
../Core/Src/main.c:216:17: warning: pointer targets in passing argument 1 of 'sprintf' differ in signedness [-Wpointer-sign]
  216 |         sprintf(msg, "<");
      |                 ^~~
      |                 |
      |                 uint8_t * {aka unsigned char *}
C:\ST\STM32CubeIDE_1.15.1\STM32CubeIDE\plugins\com.st.stm32cube.ide.mcu.externaltools.gnu-tools-for-stm32.12.3.rel1.win32_1.0.100.202403111256\tools\bin/../lib/gcc/arm-none-eabi/12.3.1/../../../../arm-none-eabi/include/stdio.h:250:18: note: expected 'char * restrict' but argument is of type 'uint8_t *' {aka 'unsigned char *'}
  250 | int     sprintf (char *__restrict, const char *__restrict, ...)
      |                  ^
../Core/Src/main.c:217:29: warning: pointer targets in passing argument 1 of 'ssd1306_WriteString' differ in signedness [-Wpointer-sign]
  217 |         ssd1306_WriteString(msg, Font_6x8, White);
      |                             ^~~
      |                             |
      |                             uint8_t * {aka unsigned char *}
../Core/Inc/ssd1306.h:125:32: note: expected 'char *' but argument is of type 'uint8_t *' {aka 'unsigned char *'}
  125 | char ssd1306_WriteString(char* str, FontDef Font, SSD1306_COLOR color);
      |                          ~~~~~~^~~
../Core/Src/main.c:219:17: warning: pointer targets in passing argument 1 of 'sprintf' differ in signedness [-Wpointer-sign]
  219 |         sprintf(msg, ">");
      |                 ^~~
      |                 |
      |                 uint8_t * {aka unsigned char *}
C:\ST\STM32CubeIDE_1.15.1\STM32CubeIDE\plugins\com.st.stm32cube.ide.mcu.externaltools.gnu-tools-for-stm32.12.3.rel1.win32_1.0.100.202403111256\tools\bin/../lib/gcc/arm-none-eabi/12.3.1/../../../../arm-none-eabi/include/stdio.h:250:18: note: expected 'char * restrict' but argument is of type 'uint8_t *' {aka 'unsigned char *'}
  250 | int     sprintf (char *__restrict, const char *__restrict, ...)
      |                  ^
../Core/Src/main.c:220:29: warning: pointer targets in passing argument 1 of 'ssd1306_WriteString' differ in signedness [-Wpointer-sign]
  220 |         ssd1306_WriteString(msg, Font_6x8, White);
      |                             ^~~
      |                             |
      |                             uint8_t * {aka unsigned char *}
../Core/Inc/ssd1306.h:125:32: note: expected 'char *' but argument is of type 'uint8_t *' {aka 'unsigned char *'}
  125 | char ssd1306_WriteString(char* str, FontDef Font, SSD1306_COLOR color);
      |                          ~~~~~~^~~
../Core/Src/main.c:222:17: warning: pointer targets in passing argument 1 of 'sprintf' differ in signedness [-Wpointer-sign]
  222 |         sprintf(msg, ">>");
      |                 ^~~
      |                 |
      |                 uint8_t * {aka unsigned char *}
C:\ST\STM32CubeIDE_1.15.1\STM32CubeIDE\plugins\com.st.stm32cube.ide.mcu.externaltools.gnu-tools-for-stm32.12.3.rel1.win32_1.0.100.202403111256\tools\bin/../lib/gcc/arm-none-eabi/12.3.1/../../../../arm-none-eabi/include/stdio.h:250:18: note: expected 'char * restrict' but argument is of type 'uint8_t *' {aka 'unsigned char *'}
  250 | int     sprintf (char *__restrict, const char *__restrict, ...)
      |                  ^
../Core/Src/main.c:223:29: warning: pointer targets in passing argument 1 of 'ssd1306_WriteString' differ in signedness [-Wpointer-sign]
  223 |         ssd1306_WriteString(msg, Font_6x8, White);
      |                             ^~~
      |                             |
      |                             uint8_t * {aka unsigned char *}
../Core/Inc/ssd1306.h:125:32: note: expected 'char *' but argument is of type 'uint8_t *' {aka 'unsigned char *'}
  125 | char ssd1306_WriteString(char* str, FontDef Font, SSD1306_COLOR color);
      |                          ~~~~~~^~~
../Core/Src/main.c: In function 'ssd1306_PumpView':
../Core/Src/main.c:231:17: warning: pointer targets in passing argument 1 of 'sprintf' differ in signedness [-Wpointer-sign]
  231 |         sprintf(msg, "PUMP");
      |                 ^~~
      |                 |
      |                 uint8_t * {aka unsigned char *}
C:\ST\STM32CubeIDE_1.15.1\STM32CubeIDE\plugins\com.st.stm32cube.ide.mcu.externaltools.gnu-tools-for-stm32.12.3.rel1.win32_1.0.100.202403111256\tools\bin/../lib/gcc/arm-none-eabi/12.3.1/../../../../arm-none-eabi/include/stdio.h:250:18: note: expected 'char * restrict' but argument is of type 'uint8_t *' {aka 'unsigned char *'}
  250 | int     sprintf (char *__restrict, const char *__restrict, ...)
      |                  ^
../Core/Src/main.c:232:29: warning: pointer targets in passing argument 1 of 'ssd1306_WriteString' differ in signedness [-Wpointer-sign]
  232 |         ssd1306_WriteString(msg, Font_11x18, White);
      |                             ^~~
      |                             |
      |                             uint8_t * {aka unsigned char *}
../Core/Inc/ssd1306.h:125:32: note: expected 'char *' but argument is of type 'uint8_t *' {aka 'unsigned char *'}
  125 | char ssd1306_WriteString(char* str, FontDef Font, SSD1306_COLOR color);
      |                          ~~~~~~^~~
../Core/Src/main.c:234:17: warning: pointer targets in passing argument 1 of 'sprintf' differ in signedness [-Wpointer-sign]
  234 |         sprintf(msg, "U:%d\r\n", PUMP[0]);
      |                 ^~~
      |                 |
      |                 uint8_t * {aka unsigned char *}
C:\ST\STM32CubeIDE_1.15.1\STM32CubeIDE\plugins\com.st.stm32cube.ide.mcu.externaltools.gnu-tools-for-stm32.12.3.rel1.win32_1.0.100.202403111256\tools\bin/../lib/gcc/arm-none-eabi/12.3.1/../../../../arm-none-eabi/include/stdio.h:250:18: note: expected 'char * restrict' but argument is of type 'uint8_t *' {aka 'unsigned char *'}
  250 | int     sprintf (char *__restrict, const char *__restrict, ...)
      |                  ^
../Core/Src/main.c:235:29: warning: pointer targets in passing argument 1 of 'ssd1306_WriteString' differ in signedness [-Wpointer-sign]
  235 |         ssd1306_WriteString(msg, Font_11x18, White);
      |                             ^~~
      |                             |
      |                             uint8_t * {aka unsigned char *}
../Core/Inc/ssd1306.h:125:32: note: expected 'char *' but argument is of type 'uint8_t *' {aka 'unsigned char *'}
  125 | char ssd1306_WriteString(char* str, FontDef Font, SSD1306_COLOR color);
      |                          ~~~~~~^~~
../Core/Src/main.c:237:17: warning: pointer targets in passing argument 1 of 'sprintf' differ in signedness [-Wpointer-sign]
  237 |         sprintf(msg, "I:%d\r\n", PUMP[1]);
      |                 ^~~
      |                 |
      |                 uint8_t * {aka unsigned char *}
C:\ST\STM32CubeIDE_1.15.1\STM32CubeIDE\plugins\com.st.stm32cube.ide.mcu.externaltools.gnu-tools-for-stm32.12.3.rel1.win32_1.0.100.202403111256\tools\bin/../lib/gcc/arm-none-eabi/12.3.1/../../../../arm-none-eabi/include/stdio.h:250:18: note: expected 'char * restrict' but argument is of type 'uint8_t *' {aka 'unsigned char *'}
  250 | int     sprintf (char *__restrict, const char *__restrict, ...)
      |                  ^
../Core/Src/main.c:238:29: warning: pointer targets in passing argument 1 of 'ssd1306_WriteString' differ in signedness [-Wpointer-sign]
  238 |         ssd1306_WriteString(msg, Font_11x18, White);
      |                             ^~~
      |                             |
      |                             uint8_t * {aka unsigned char *}
../Core/Inc/ssd1306.h:125:32: note: expected 'char *' but argument is of type 'uint8_t *' {aka 'unsigned char *'}
  125 | char ssd1306_WriteString(char* str, FontDef Font, SSD1306_COLOR color);
      |                          ~~~~~~^~~
../Core/Src/main.c:240:17: warning: pointer targets in passing argument 1 of 'sprintf' differ in signedness [-Wpointer-sign]
  240 |         sprintf(msg, "Duty:%d", Period_);
      |                 ^~~
      |                 |
      |                 uint8_t * {aka unsigned char *}
C:\ST\STM32CubeIDE_1.15.1\STM32CubeIDE\plugins\com.st.stm32cube.ide.mcu.externaltools.gnu-tools-for-stm32.12.3.rel1.win32_1.0.100.202403111256\tools\bin/../lib/gcc/arm-none-eabi/12.3.1/../../../../arm-none-eabi/include/stdio.h:250:18: note: expected 'char * restrict' but argument is of type 'uint8_t *' {aka 'unsigned char *'}
  250 | int     sprintf (char *__restrict, const char *__restrict, ...)
      |                  ^
../Core/Src/main.c:241:29: warning: pointer targets in passing argument 1 of 'ssd1306_WriteString' differ in signedness [-Wpointer-sign]
  241 |         ssd1306_WriteString(msg, Font_11x18, White);
      |                             ^~~
      |                             |
      |                             uint8_t * {aka unsigned char *}
../Core/Inc/ssd1306.h:125:32: note: expected 'char *' but argument is of type 'uint8_t *' {aka 'unsigned char *'}
  125 | char ssd1306_WriteString(char* str, FontDef Font, SSD1306_COLOR color);
      |                          ~~~~~~^~~
../Core/Src/main.c:243:17: warning: pointer targets in passing argument 1 of 'sprintf' differ in signedness [-Wpointer-sign]
  243 |         sprintf(msg, "MAX");
      |                 ^~~
      |                 |
      |                 uint8_t * {aka unsigned char *}
C:\ST\STM32CubeIDE_1.15.1\STM32CubeIDE\plugins\com.st.stm32cube.ide.mcu.externaltools.gnu-tools-for-stm32.12.3.rel1.win32_1.0.100.202403111256\tools\bin/../lib/gcc/arm-none-eabi/12.3.1/../../../../arm-none-eabi/include/stdio.h:250:18: note: expected 'char * restrict' but argument is of type 'uint8_t *' {aka 'unsigned char *'}
  250 | int     sprintf (char *__restrict, const char *__restrict, ...)
      |                  ^
../Core/Src/main.c:244:29: warning: pointer targets in passing argument 1 of 'ssd1306_WriteString' differ in signedness [-Wpointer-sign]
  244 |         ssd1306_WriteString(msg, Font_6x8, White);
      |                             ^~~
      |                             |
      |                             uint8_t * {aka unsigned char *}
../Core/Inc/ssd1306.h:125:32: note: expected 'char *' but argument is of type 'uint8_t *' {aka 'unsigned char *'}
  125 | char ssd1306_WriteString(char* str, FontDef Font, SSD1306_COLOR color);
      |                          ~~~~~~^~~
../Core/Src/main.c:246:17: warning: pointer targets in passing argument 1 of 'sprintf' differ in signedness [-Wpointer-sign]
  246 |         sprintf(msg, "720");
      |                 ^~~
      |                 |
      |                 uint8_t * {aka unsigned char *}
C:\ST\STM32CubeIDE_1.15.1\STM32CubeIDE\plugins\com.st.stm32cube.ide.mcu.externaltools.gnu-tools-for-stm32.12.3.rel1.win32_1.0.100.202403111256\tools\bin/../lib/gcc/arm-none-eabi/12.3.1/../../../../arm-none-eabi/include/stdio.h:250:18: note: expected 'char * restrict' but argument is of type 'uint8_t *' {aka 'unsigned char *'}
  250 | int     sprintf (char *__restrict, const char *__restrict, ...)
      |                  ^
../Core/Src/main.c:247:29: warning: pointer targets in passing argument 1 of 'ssd1306_WriteString' differ in signedness [-Wpointer-sign]
  247 |         ssd1306_WriteString(msg, Font_6x8, White);
      |                             ^~~
      |                             |
      |                             uint8_t * {aka unsigned char *}
../Core/Inc/ssd1306.h:125:32: note: expected 'char *' but argument is of type 'uint8_t *' {aka 'unsigned char *'}
  125 | char ssd1306_WriteString(char* str, FontDef Font, SSD1306_COLOR color);
      |                          ~~~~~~^~~
../Core/Src/main.c:250:17: warning: pointer targets in passing argument 1 of 'sprintf' differ in signedness [-Wpointer-sign]
  250 |         sprintf(msg, "<");
      |                 ^~~
      |                 |
      |                 uint8_t * {aka unsigned char *}
C:\ST\STM32CubeIDE_1.15.1\STM32CubeIDE\plugins\com.st.stm32cube.ide.mcu.externaltools.gnu-tools-for-stm32.12.3.rel1.win32_1.0.100.202403111256\tools\bin/../lib/gcc/arm-none-eabi/12.3.1/../../../../arm-none-eabi/include/stdio.h:250:18: note: expected 'char * restrict' but argument is of type 'uint8_t *' {aka 'unsigned char *'}
  250 | int     sprintf (char *__restrict, const char *__restrict, ...)
      |                  ^
../Core/Src/main.c:251:29: warning: pointer targets in passing argument 1 of 'ssd1306_WriteString' differ in signedness [-Wpointer-sign]
  251 |         ssd1306_WriteString(msg, Font_6x8, White);
      |                             ^~~
      |                             |
      |                             uint8_t * {aka unsigned char *}
../Core/Inc/ssd1306.h:125:32: note: expected 'char *' but argument is of type 'uint8_t *' {aka 'unsigned char *'}
  125 | char ssd1306_WriteString(char* str, FontDef Font, SSD1306_COLOR color);
      |                          ~~~~~~^~~
../Core/Src/main.c:253:17: warning: pointer targets in passing argument 1 of 'sprintf' differ in signedness [-Wpointer-sign]
  253 |         sprintf(msg, "SW");
      |                 ^~~
      |                 |
      |                 uint8_t * {aka unsigned char *}
C:\ST\STM32CubeIDE_1.15.1\STM32CubeIDE\plugins\com.st.stm32cube.ide.mcu.externaltools.gnu-tools-for-stm32.12.3.rel1.win32_1.0.100.202403111256\tools\bin/../lib/gcc/arm-none-eabi/12.3.1/../../../../arm-none-eabi/include/stdio.h:250:18: note: expected 'char * restrict' but argument is of type 'uint8_t *' {aka 'unsigned char *'}
  250 | int     sprintf (char *__restrict, const char *__restrict, ...)
      |                  ^
../Core/Src/main.c:254:29: warning: pointer targets in passing argument 1 of 'ssd1306_WriteString' differ in signedness [-Wpointer-sign]
  254 |         ssd1306_WriteString(msg, Font_6x8, White);
      |                             ^~~
      |                             |
      |                             uint8_t * {aka unsigned char *}
../Core/Inc/ssd1306.h:125:32: note: expected 'char *' but argument is of type 'uint8_t *' {aka 'unsigned char *'}
  125 | char ssd1306_WriteString(char* str, FontDef Font, SSD1306_COLOR color);
      |                          ~~~~~~^~~
../Core/Src/main.c:256:17: warning: pointer targets in passing argument 1 of 'sprintf' differ in signedness [-Wpointer-sign]
  256 |         sprintf(msg, " \\/");
      |                 ^~~
      |                 |
      |                 uint8_t * {aka unsigned char *}
C:\ST\STM32CubeIDE_1.15.1\STM32CubeIDE\plugins\com.st.stm32cube.ide.mcu.externaltools.gnu-tools-for-stm32.12.3.rel1.win32_1.0.100.202403111256\tools\bin/../lib/gcc/arm-none-eabi/12.3.1/../../../../arm-none-eabi/include/stdio.h:250:18: note: expected 'char * restrict' but argument is of type 'uint8_t *' {aka 'unsigned char *'}
  250 | int     sprintf (char *__restrict, const char *__restrict, ...)
      |                  ^
../Core/Src/main.c:257:29: warning: pointer targets in passing argument 1 of 'ssd1306_WriteString' differ in signedness [-Wpointer-sign]
  257 |         ssd1306_WriteString(msg, Font_6x8, White);
      |                             ^~~
      |                             |
      |                             uint8_t * {aka unsigned char *}
../Core/Inc/ssd1306.h:125:32: note: expected 'char *' but argument is of type 'uint8_t *' {aka 'unsigned char *'}
  125 | char ssd1306_WriteString(char* str, FontDef Font, SSD1306_COLOR color);
      |                          ~~~~~~^~~
../Core/Src/main.c:259:17: warning: pointer targets in passing argument 1 of 'sprintf' differ in signedness [-Wpointer-sign]
  259 |         sprintf(msg, " /\\");
      |                 ^~~
      |                 |
      |                 uint8_t * {aka unsigned char *}
C:\ST\STM32CubeIDE_1.15.1\STM32CubeIDE\plugins\com.st.stm32cube.ide.mcu.externaltools.gnu-tools-for-stm32.12.3.rel1.win32_1.0.100.202403111256\tools\bin/../lib/gcc/arm-none-eabi/12.3.1/../../../../arm-none-eabi/include/stdio.h:250:18: note: expected 'char * restrict' but argument is of type 'uint8_t *' {aka 'unsigned char *'}
  250 | int     sprintf (char *__restrict, const char *__restrict, ...)
      |                  ^
../Core/Src/main.c:260:29: warning: pointer targets in passing argument 1 of 'ssd1306_WriteString' differ in signedness [-Wpointer-sign]
  260 |         ssd1306_WriteString(msg, Font_6x8, White);
      |                             ^~~
      |                             |
      |                             uint8_t * {aka unsigned char *}
../Core/Inc/ssd1306.h:125:32: note: expected 'char *' but argument is of type 'uint8_t *' {aka 'unsigned char *'}
  125 | char ssd1306_WriteString(char* str, FontDef Font, SSD1306_COLOR color);
      |                          ~~~~~~^~~
../Core/Src/main.c: In function 'ssd1306_BuzzerView':
../Core/Src/main.c:268:17: warning: pointer targets in passing argument 1 of 'sprintf' differ in signedness [-Wpointer-sign]
  268 |         sprintf(msg, "BUZZER");
      |                 ^~~
      |                 |
      |                 uint8_t * {aka unsigned char *}
C:\ST\STM32CubeIDE_1.15.1\STM32CubeIDE\plugins\com.st.stm32cube.ide.mcu.externaltools.gnu-tools-for-stm32.12.3.rel1.win32_1.0.100.202403111256\tools\bin/../lib/gcc/arm-none-eabi/12.3.1/../../../../arm-none-eabi/include/stdio.h:250:18: note: expected 'char * restrict' but argument is of type 'uint8_t *' {aka 'unsigned char *'}
  250 | int     sprintf (char *__restrict, const char *__restrict, ...)
      |                  ^
../Core/Src/main.c:269:29: warning: pointer targets in passing argument 1 of 'ssd1306_WriteString' differ in signedness [-Wpointer-sign]
  269 |         ssd1306_WriteString(msg, Font_11x18, White);
      |                             ^~~
      |                             |
      |                             uint8_t * {aka unsigned char *}
../Core/Inc/ssd1306.h:125:32: note: expected 'char *' but argument is of type 'uint8_t *' {aka 'unsigned char *'}
  125 | char ssd1306_WriteString(char* str, FontDef Font, SSD1306_COLOR color);
      |                          ~~~~~~^~~
../Core/Src/main.c:272:17: warning: pointer targets in passing argument 1 of 'sprintf' differ in signedness [-Wpointer-sign]
  272 |         sprintf(msg, "FREQ:%d\r\n",buzzer.frequency );
      |                 ^~~
      |                 |
      |                 uint8_t * {aka unsigned char *}
C:\ST\STM32CubeIDE_1.15.1\STM32CubeIDE\plugins\com.st.stm32cube.ide.mcu.externaltools.gnu-tools-for-stm32.12.3.rel1.win32_1.0.100.202403111256\tools\bin/../lib/gcc/arm-none-eabi/12.3.1/../../../../arm-none-eabi/include/stdio.h:250:18: note: expected 'char * restrict' but argument is of type 'uint8_t *' {aka 'unsigned char *'}
  250 | int     sprintf (char *__restrict, const char *__restrict, ...)
      |                  ^
../Core/Src/main.c:272:29: warning: format '%d' expects argument of type 'int', but argument 3 has type 'uint32_t' {aka 'long unsigned int'} [-Wformat=]
  272 |         sprintf(msg, "FREQ:%d\r\n",buzzer.frequency );
      |                            ~^      ~~~~~~~~~~~~~~~~
      |                             |            |
      |                             int          uint32_t {aka long unsigned int}
      |                            %ld
../Core/Src/main.c:273:29: warning: pointer targets in passing argument 1 of 'ssd1306_WriteString' differ in signedness [-Wpointer-sign]
  273 |         ssd1306_WriteString(msg, Font_11x18, White);
      |                             ^~~
      |                             |
      |                             uint8_t * {aka unsigned char *}
../Core/Inc/ssd1306.h:125:32: note: expected 'char *' but argument is of type 'uint8_t *' {aka 'unsigned char *'}
  125 | char ssd1306_WriteString(char* str, FontDef Font, SSD1306_COLOR color);
      |                          ~~~~~~^~~
../Core/Src/main.c:276:13: warning: pointer targets in passing argument 1 of 'sprintf' differ in signedness [-Wpointer-sign]
  276 |     sprintf(msg, "MUTE: %s\r\n", FLAG_MUTE ? "ON" : "OFF");
      |             ^~~
      |             |
      |             uint8_t * {aka unsigned char *}
C:\ST\STM32CubeIDE_1.15.1\STM32CubeIDE\plugins\com.st.stm32cube.ide.mcu.externaltools.gnu-tools-for-stm32.12.3.rel1.win32_1.0.100.202403111256\tools\bin/../lib/gcc/arm-none-eabi/12.3.1/../../../../arm-none-eabi/include/stdio.h:250:18: note: expected 'char * restrict' but argument is of type 'uint8_t *' {aka 'unsigned char *'}
  250 | int     sprintf (char *__restrict, const char *__restrict, ...)
      |                  ^
../Core/Src/main.c:277:25: warning: pointer targets in passing argument 1 of 'ssd1306_WriteString' differ in signedness [-Wpointer-sign]
  277 |     ssd1306_WriteString(msg, Font_11x18, White);
      |                         ^~~
      |                         |
      |                         uint8_t * {aka unsigned char *}
../Core/Inc/ssd1306.h:125:32: note: expected 'char *' but argument is of type 'uint8_t *' {aka 'unsigned char *'}
  125 | char ssd1306_WriteString(char* str, FontDef Font, SSD1306_COLOR color);
      |                          ~~~~~~^~~
../Core/Src/main.c:280:17: warning: pointer targets in passing argument 1 of 'sprintf' differ in signedness [-Wpointer-sign]
  280 |         sprintf(msg, "<");
      |                 ^~~
      |                 |
      |                 uint8_t * {aka unsigned char *}
C:\ST\STM32CubeIDE_1.15.1\STM32CubeIDE\plugins\com.st.stm32cube.ide.mcu.externaltools.gnu-tools-for-stm32.12.3.rel1.win32_1.0.100.202403111256\tools\bin/../lib/gcc/arm-none-eabi/12.3.1/../../../../arm-none-eabi/include/stdio.h:250:18: note: expected 'char * restrict' but argument is of type 'uint8_t *' {aka 'unsigned char *'}
  250 | int     sprintf (char *__restrict, const char *__restrict, ...)
      |                  ^
../Core/Src/main.c:281:29: warning: pointer targets in passing argument 1 of 'ssd1306_WriteString' differ in signedness [-Wpointer-sign]
  281 |         ssd1306_WriteString(msg, Font_6x8, White);
      |                             ^~~
      |                             |
      |                             uint8_t * {aka unsigned char *}
../Core/Inc/ssd1306.h:125:32: note: expected 'char *' but argument is of type 'uint8_t *' {aka 'unsigned char *'}
  125 | char ssd1306_WriteString(char* str, FontDef Font, SSD1306_COLOR color);
      |                          ~~~~~~^~~
../Core/Src/main.c:283:17: warning: pointer targets in passing argument 1 of 'sprintf' differ in signedness [-Wpointer-sign]
  283 |         sprintf(msg, "MUTE");
      |                 ^~~
      |                 |
      |                 uint8_t * {aka unsigned char *}
C:\ST\STM32CubeIDE_1.15.1\STM32CubeIDE\plugins\com.st.stm32cube.ide.mcu.externaltools.gnu-tools-for-stm32.12.3.rel1.win32_1.0.100.202403111256\tools\bin/../lib/gcc/arm-none-eabi/12.3.1/../../../../arm-none-eabi/include/stdio.h:250:18: note: expected 'char * restrict' but argument is of type 'uint8_t *' {aka 'unsigned char *'}
  250 | int     sprintf (char *__restrict, const char *__restrict, ...)
      |                  ^
../Core/Src/main.c:284:29: warning: pointer targets in passing argument 1 of 'ssd1306_WriteString' differ in signedness [-Wpointer-sign]
  284 |         ssd1306_WriteString(msg, Font_6x8, White);
      |                             ^~~
      |                             |
      |                             uint8_t * {aka unsigned char *}
../Core/Inc/ssd1306.h:125:32: note: expected 'char *' but argument is of type 'uint8_t *' {aka 'unsigned char *'}
  125 | char ssd1306_WriteString(char* str, FontDef Font, SSD1306_COLOR color);
      |                          ~~~~~~^~~
../Core/Src/main.c:286:17: warning: pointer targets in passing argument 1 of 'sprintf' differ in signedness [-Wpointer-sign]
  286 |         sprintf(msg, " \\/");
      |                 ^~~
      |                 |
      |                 uint8_t * {aka unsigned char *}
C:\ST\STM32CubeIDE_1.15.1\STM32CubeIDE\plugins\com.st.stm32cube.ide.mcu.externaltools.gnu-tools-for-stm32.12.3.rel1.win32_1.0.100.202403111256\tools\bin/../lib/gcc/arm-none-eabi/12.3.1/../../../../arm-none-eabi/include/stdio.h:250:18: note: expected 'char * restrict' but argument is of type 'uint8_t *' {aka 'unsigned char *'}
  250 | int     sprintf (char *__restrict, const char *__restrict, ...)
      |                  ^
../Core/Src/main.c:287:29: warning: pointer targets in passing argument 1 of 'ssd1306_WriteString' differ in signedness [-Wpointer-sign]
  287 |         ssd1306_WriteString(msg, Font_6x8, White);
      |                             ^~~
      |                             |
      |                             uint8_t * {aka unsigned char *}
../Core/Inc/ssd1306.h:125:32: note: expected 'char *' but argument is of type 'uint8_t *' {aka 'unsigned char *'}
  125 | char ssd1306_WriteString(char* str, FontDef Font, SSD1306_COLOR color);
      |                          ~~~~~~^~~
../Core/Src/main.c:289:17: warning: pointer targets in passing argument 1 of 'sprintf' differ in signedness [-Wpointer-sign]
  289 |         sprintf(msg, " /\\");
      |                 ^~~
      |                 |
      |                 uint8_t * {aka unsigned char *}
C:\ST\STM32CubeIDE_1.15.1\STM32CubeIDE\plugins\com.st.stm32cube.ide.mcu.externaltools.gnu-tools-for-stm32.12.3.rel1.win32_1.0.100.202403111256\tools\bin/../lib/gcc/arm-none-eabi/12.3.1/../../../../arm-none-eabi/include/stdio.h:250:18: note: expected 'char * restrict' but argument is of type 'uint8_t *' {aka 'unsigned char *'}
  250 | int     sprintf (char *__restrict, const char *__restrict, ...)
      |                  ^
../Core/Src/main.c:290:29: warning: pointer targets in passing argument 1 of 'ssd1306_WriteString' differ in signedness [-Wpointer-sign]
  290 |         ssd1306_WriteString(msg, Font_6x8, White);
      |                             ^~~
      |                             |
      |                             uint8_t * {aka unsigned char *}
../Core/Inc/ssd1306.h:125:32: note: expected 'char *' but argument is of type 'uint8_t *' {aka 'unsigned char *'}
  125 | char ssd1306_WriteString(char* str, FontDef Font, SSD1306_COLOR color);
      |                          ~~~~~~^~~
../Core/Src/main.c: In function 'main':
../Core/Src/main.c:386:21: warning: unused variable 'msg' [-Wunused-variable]
  386 |             uint8_t msg[100];
      |                     ^~~
arm-none-eabi-g++ -o "prj1.elf" @"objects.list"   -mcpu=cortex-m3 -T"C:\Users\87407\OneDrive\CourseProjectC\prj1\STM32F103C8TX_FLASH.ld" --specs=nosys.specs -Wl,-Map="prj1.map" -Wl,--gc-sections -static --specs=nano.specs -mfloat-abi=soft -mthumb -u _printf_float -u _scanf_float -Wl,--start-group -lc -lm -lstdc++ -lsupc++ -Wl,--end-group
Finished building target: prj1.elf
 
arm-none-eabi-size  prj1.elf 
arm-none-eabi-objdump -h -S prj1.elf  > "prj1.list"
   text	   data	    bss	    dec	    hex	filename
  44308	    512	   3776	  48596	   bdd4	prj1.elf
Finished building: default.size.stdout
 
Finished building: prj1.list
 

15:10:00 Build Finished. 0 errors, 88 warnings. (took 1s.1ms)

