06:55:00 **** Incremental Build of configuration Debug for project prj1 ****
make -j20 all 
arm-none-eabi-gcc "../Core/Src/main.c" -mcpu=cortex-m3 -std=gnu11 -g3 -DDEBUG -DUSE_HAL_DRIVER -DSTM32F103xB -c -I../Core/Inc -I../Drivers/STM32F1xx_HAL_Driver/Inc/Legacy -I../Drivers/STM32F1xx_HAL_Driver/Inc -I../Drivers/CMSIS/Device/ST/STM32F1xx/Include -I../Drivers/CMSIS/Include -O1 -ffunction-sections -fdata-sections -Wall -fstack-usage -fcyclomatic-complexity -MMD -MP -MF"Core/Src/main.d" -MT"Core/Src/main.o" --specs=nano.specs -mfloat-abi=soft -mthumb -o "Core/Src/main.o"
../Core/Src/main.c: In function 'ssd1306_WelcomeView':
../Core/Src/main.c:186:17: warning: pointer targets in passing argument 1 of 'sprintf' differ in signedness [-Wpointer-sign]
  186 |         sprintf(msg, "BOOTING");
      |                 ^~~
      |                 |
      |                 uint8_t * {aka unsigned char *}
In file included from ../Core/Inc/AT_WIFI.h:7,
                 from ../Core/Src/main.c:28:
C:\ST\STM32CubeIDE_1.15.1\STM32CubeIDE\plugins\com.st.stm32cube.ide.mcu.externaltools.gnu-tools-for-stm32.12.3.rel1.win32_1.0.100.202403111256\tools\bin/../lib/gcc/arm-none-eabi/12.3.1/../../../../arm-none-eabi/include/stdio.h:250:18: note: expected 'char * restrict' but argument is of type 'uint8_t *' {aka 'unsigned char *'}
  250 | int     sprintf (char *__restrict, const char *__restrict, ...)
      |                  ^
../Core/Src/main.c:187:29: warning: pointer targets in passing argument 1 of 'ssd1306_WriteString' differ in signedness [-Wpointer-sign]
  187 |         ssd1306_WriteString(msg, Font_11x18, White);
      |                             ^~~
      |                             |
      |                             uint8_t * {aka unsigned char *}
In file included from ../Core/Inc/ssd1306_Views.h:5,
                 from ../Core/Src/main.c:25:
../Core/Inc/ssd1306.h:125:32: note: expected 'char *' but argument is of type 'uint8_t *' {aka 'unsigned char *'}
  125 | char ssd1306_WriteString(char* str, FontDef Font, SSD1306_COLOR color);
      |                          ~~~~~~^~~
../Core/Src/main.c:189:17: warning: pointer targets in passing argument 1 of 'sprintf' differ in signedness [-Wpointer-sign]
  189 |         sprintf(msg, "Course PrjC");
      |                 ^~~
      |                 |
      |                 uint8_t * {aka unsigned char *}
C:\ST\STM32CubeIDE_1.15.1\STM32CubeIDE\plugins\com.st.stm32cube.ide.mcu.externaltools.gnu-tools-for-stm32.12.3.rel1.win32_1.0.100.202403111256\tools\bin/../lib/gcc/arm-none-eabi/12.3.1/../../../../arm-none-eabi/include/stdio.h:250:18: note: expected 'char * restrict' but argument is of type 'uint8_t *' {aka 'unsigned char *'}
  250 | int     sprintf (char *__restrict, const char *__restrict, ...)
      |                  ^
../Core/Src/main.c:190:29: warning: pointer targets in passing argument 1 of 'ssd1306_WriteString' differ in signedness [-Wpointer-sign]
  190 |         ssd1306_WriteString(msg, Font_11x18, White);
      |                             ^~~
      |                             |
      |                             uint8_t * {aka unsigned char *}
../Core/Inc/ssd1306.h:125:32: note: expected 'char *' but argument is of type 'uint8_t *' {aka 'unsigned char *'}
  125 | char ssd1306_WriteString(char* str, FontDef Font, SSD1306_COLOR color);
      |                          ~~~~~~^~~
../Core/Src/main.c:192:17: warning: pointer targets in passing argument 1 of 'sprintf' differ in signedness [-Wpointer-sign]
  192 |         sprintf(msg, "Initialing...");
      |                 ^~~
      |                 |
      |                 uint8_t * {aka unsigned char *}
C:\ST\STM32CubeIDE_1.15.1\STM32CubeIDE\plugins\com.st.stm32cube.ide.mcu.externaltools.gnu-tools-for-stm32.12.3.rel1.win32_1.0.100.202403111256\tools\bin/../lib/gcc/arm-none-eabi/12.3.1/../../../../arm-none-eabi/include/stdio.h:250:18: note: expected 'char * restrict' but argument is of type 'uint8_t *' {aka 'unsigned char *'}
  250 | int     sprintf (char *__restrict, const char *__restrict, ...)
      |                  ^
../Core/Src/main.c:193:29: warning: pointer targets in passing argument 1 of 'ssd1306_WriteString' differ in signedness [-Wpointer-sign]
  193 |         ssd1306_WriteString(msg, Font_7x10, White);
      |                             ^~~
      |                             |
      |                             uint8_t * {aka unsigned char *}
../Core/Inc/ssd1306.h:125:32: note: expected 'char *' but argument is of type 'uint8_t *' {aka 'unsigned char *'}
  125 | char ssd1306_WriteString(char* str, FontDef Font, SSD1306_COLOR color);
      |                          ~~~~~~^~~
../Core/Src/main.c: In function 'ssd1306_IndexView':
../Core/Src/main.c:201:17: warning: pointer targets in passing argument 1 of 'sprintf' differ in signedness [-Wpointer-sign]
  201 |         sprintf(msg, "Index");
      |                 ^~~
      |                 |
      |                 uint8_t * {aka unsigned char *}
C:\ST\STM32CubeIDE_1.15.1\STM32CubeIDE\plugins\com.st.stm32cube.ide.mcu.externaltools.gnu-tools-for-stm32.12.3.rel1.win32_1.0.100.202403111256\tools\bin/../lib/gcc/arm-none-eabi/12.3.1/../../../../arm-none-eabi/include/stdio.h:250:18: note: expected 'char * restrict' but argument is of type 'uint8_t *' {aka 'unsigned char *'}
  250 | int     sprintf (char *__restrict, const char *__restrict, ...)
      |                  ^
../Core/Src/main.c:202:29: warning: pointer targets in passing argument 1 of 'ssd1306_WriteString' differ in signedness [-Wpointer-sign]
  202 |         ssd1306_WriteString(msg, Font_11x18, White);
      |                             ^~~
      |                             |
      |                             uint8_t * {aka unsigned char *}
../Core/Inc/ssd1306.h:125:32: note: expected 'char *' but argument is of type 'uint8_t *' {aka 'unsigned char *'}
  125 | char ssd1306_WriteString(char* str, FontDef Font, SSD1306_COLOR color);
      |                          ~~~~~~^~~
../Core/Src/main.c:205:17: warning: pointer targets in passing argument 1 of 'sprintf' differ in signedness [-Wpointer-sign]
  205 |         sprintf(msg, "RUN TIME");
      |                 ^~~
      |                 |
      |                 uint8_t * {aka unsigned char *}
C:\ST\STM32CubeIDE_1.15.1\STM32CubeIDE\plugins\com.st.stm32cube.ide.mcu.externaltools.gnu-tools-for-stm32.12.3.rel1.win32_1.0.100.202403111256\tools\bin/../lib/gcc/arm-none-eabi/12.3.1/../../../../arm-none-eabi/include/stdio.h:250:18: note: expected 'char * restrict' but argument is of type 'uint8_t *' {aka 'unsigned char *'}
  250 | int     sprintf (char *__restrict, const char *__restrict, ...)
      |                  ^
../Core/Src/main.c:206:29: warning: pointer targets in passing argument 1 of 'ssd1306_WriteString' differ in signedness [-Wpointer-sign]
  206 |         ssd1306_WriteString(msg, Font_6x8, White);
      |                             ^~~
      |                             |
      |                             uint8_t * {aka unsigned char *}
../Core/Inc/ssd1306.h:125:32: note: expected 'char *' but argument is of type 'uint8_t *' {aka 'unsigned char *'}
  125 | char ssd1306_WriteString(char* str, FontDef Font, SSD1306_COLOR color);
      |                          ~~~~~~^~~
../Core/Src/main.c:208:17: warning: pointer targets in passing argument 1 of 'sprintf' differ in signedness [-Wpointer-sign]
  208 |         sprintf(msg, "%02u:%02u:%02u", Time.hours, Time.minutes, Time.seconds);
      |                 ^~~
      |                 |
      |                 uint8_t * {aka unsigned char *}
C:\ST\STM32CubeIDE_1.15.1\STM32CubeIDE\plugins\com.st.stm32cube.ide.mcu.externaltools.gnu-tools-for-stm32.12.3.rel1.win32_1.0.100.202403111256\tools\bin/../lib/gcc/arm-none-eabi/12.3.1/../../../../arm-none-eabi/include/stdio.h:250:18: note: expected 'char * restrict' but argument is of type 'uint8_t *' {aka 'unsigned char *'}
  250 | int     sprintf (char *__restrict, const char *__restrict, ...)
      |                  ^
../Core/Src/main.c:208:26: warning: format '%u' expects argument of type 'unsigned int', but argument 3 has type 'uint32_t' {aka 'long unsigned int'} [-Wformat=]
  208 |         sprintf(msg, "%02u:%02u:%02u", Time.hours, Time.minutes, Time.seconds);
      |                       ~~~^             ~~~~~~~~~~
      |                          |                 |
      |                          unsigned int      uint32_t {aka long unsigned int}
      |                       %02lu
../Core/Src/main.c:208:31: warning: format '%u' expects argument of type 'unsigned int', but argument 4 has type 'uint32_t' {aka 'long unsigned int'} [-Wformat=]
  208 |         sprintf(msg, "%02u:%02u:%02u", Time.hours, Time.minutes, Time.seconds);
      |                            ~~~^                    ~~~~~~~~~~~~
      |                               |                        |
      |                               unsigned int             uint32_t {aka long unsigned int}
      |                            %02lu
../Core/Src/main.c:208:36: warning: format '%u' expects argument of type 'unsigned int', but argument 5 has type 'uint32_t' {aka 'long unsigned int'} [-Wformat=]
  208 |         sprintf(msg, "%02u:%02u:%02u", Time.hours, Time.minutes, Time.seconds);
      |                                 ~~~^                             ~~~~~~~~~~~~
      |                                    |                                 |
      |                                    unsigned int                      uint32_t {aka long unsigned int}
      |                                 %02lu
../Core/Src/main.c:209:29: warning: pointer targets in passing argument 1 of 'ssd1306_WriteString' differ in signedness [-Wpointer-sign]
  209 |         ssd1306_WriteString(msg, Font_7x10, White);
      |                             ^~~
      |                             |
      |                             uint8_t * {aka unsigned char *}
../Core/Inc/ssd1306.h:125:32: note: expected 'char *' but argument is of type 'uint8_t *' {aka 'unsigned char *'}
  125 | char ssd1306_WriteString(char* str, FontDef Font, SSD1306_COLOR color);
      |                          ~~~~~~^~~
../Core/Src/main.c:212:17: warning: pointer targets in passing argument 1 of 'sprintf' differ in signedness [-Wpointer-sign]
  212 |         sprintf(msg, "DHT:%s\n", FLAG_DHT_ALARM ? "ALARM" : "NORMAL");
      |                 ^~~
      |                 |
      |                 uint8_t * {aka unsigned char *}
C:\ST\STM32CubeIDE_1.15.1\STM32CubeIDE\plugins\com.st.stm32cube.ide.mcu.externaltools.gnu-tools-for-stm32.12.3.rel1.win32_1.0.100.202403111256\tools\bin/../lib/gcc/arm-none-eabi/12.3.1/../../../../arm-none-eabi/include/stdio.h:250:18: note: expected 'char * restrict' but argument is of type 'uint8_t *' {aka 'unsigned char *'}
  250 | int     sprintf (char *__restrict, const char *__restrict, ...)
      |                  ^
../Core/Src/main.c:213:29: warning: pointer targets in passing argument 1 of 'ssd1306_WriteString' differ in signedness [-Wpointer-sign]
  213 |         ssd1306_WriteString(msg, Font_7x10, White);
      |                             ^~~
      |                             |
      |                             uint8_t * {aka unsigned char *}
../Core/Inc/ssd1306.h:125:32: note: expected 'char *' but argument is of type 'uint8_t *' {aka 'unsigned char *'}
  125 | char ssd1306_WriteString(char* str, FontDef Font, SSD1306_COLOR color);
      |                          ~~~~~~^~~
../Core/Src/main.c:216:17: warning: pointer targets in passing argument 1 of 'sprintf' differ in signedness [-Wpointer-sign]
  216 |         sprintf(msg, "DHT");
      |                 ^~~
      |                 |
      |                 uint8_t * {aka unsigned char *}
C:\ST\STM32CubeIDE_1.15.1\STM32CubeIDE\plugins\com.st.stm32cube.ide.mcu.externaltools.gnu-tools-for-stm32.12.3.rel1.win32_1.0.100.202403111256\tools\bin/../lib/gcc/arm-none-eabi/12.3.1/../../../../arm-none-eabi/include/stdio.h:250:18: note: expected 'char * restrict' but argument is of type 'uint8_t *' {aka 'unsigned char *'}
  250 | int     sprintf (char *__restrict, const char *__restrict, ...)
      |                  ^
../Core/Src/main.c:217:29: warning: pointer targets in passing argument 1 of 'ssd1306_WriteString' differ in signedness [-Wpointer-sign]
  217 |         ssd1306_WriteString(msg, Font_6x8, White);
      |                             ^~~
      |                             |
      |                             uint8_t * {aka unsigned char *}
../Core/Inc/ssd1306.h:125:32: note: expected 'char *' but argument is of type 'uint8_t *' {aka 'unsigned char *'}
  125 | char ssd1306_WriteString(char* str, FontDef Font, SSD1306_COLOR color);
      |                          ~~~~~~^~~
../Core/Src/main.c:219:17: warning: pointer targets in passing argument 1 of 'sprintf' differ in signedness [-Wpointer-sign]
  219 |         sprintf(msg, "PUMP");
      |                 ^~~
      |                 |
      |                 uint8_t * {aka unsigned char *}
C:\ST\STM32CubeIDE_1.15.1\STM32CubeIDE\plugins\com.st.stm32cube.ide.mcu.externaltools.gnu-tools-for-stm32.12.3.rel1.win32_1.0.100.202403111256\tools\bin/../lib/gcc/arm-none-eabi/12.3.1/../../../../arm-none-eabi/include/stdio.h:250:18: note: expected 'char * restrict' but argument is of type 'uint8_t *' {aka 'unsigned char *'}
  250 | int     sprintf (char *__restrict, const char *__restrict, ...)
      |                  ^
../Core/Src/main.c:220:29: warning: pointer targets in passing argument 1 of 'ssd1306_WriteString' differ in signedness [-Wpointer-sign]
  220 |         ssd1306_WriteString(msg, Font_6x8, White);
      |                             ^~~
      |                             |
      |                             uint8_t * {aka unsigned char *}
../Core/Inc/ssd1306.h:125:32: note: expected 'char *' but argument is of type 'uint8_t *' {aka 'unsigned char *'}
  125 | char ssd1306_WriteString(char* str, FontDef Font, SSD1306_COLOR color);
      |                          ~~~~~~^~~
../Core/Src/main.c:222:17: warning: pointer targets in passing argument 1 of 'sprintf' differ in signedness [-Wpointer-sign]
  222 |         sprintf(msg, "BEEP");
      |                 ^~~
      |                 |
      |                 uint8_t * {aka unsigned char *}
C:\ST\STM32CubeIDE_1.15.1\STM32CubeIDE\plugins\com.st.stm32cube.ide.mcu.externaltools.gnu-tools-for-stm32.12.3.rel1.win32_1.0.100.202403111256\tools\bin/../lib/gcc/arm-none-eabi/12.3.1/../../../../arm-none-eabi/include/stdio.h:250:18: note: expected 'char * restrict' but argument is of type 'uint8_t *' {aka 'unsigned char *'}
  250 | int     sprintf (char *__restrict, const char *__restrict, ...)
      |                  ^
../Core/Src/main.c:223:29: warning: pointer targets in passing argument 1 of 'ssd1306_WriteString' differ in signedness [-Wpointer-sign]
  223 |         ssd1306_WriteString(msg, Font_6x8, White);
      |                             ^~~
      |                             |
      |                             uint8_t * {aka unsigned char *}
../Core/Inc/ssd1306.h:125:32: note: expected 'char *' but argument is of type 'uint8_t *' {aka 'unsigned char *'}
  125 | char ssd1306_WriteString(char* str, FontDef Font, SSD1306_COLOR color);
      |                          ~~~~~~^~~
../Core/Src/main.c:225:17: warning: pointer targets in passing argument 1 of 'sprintf' differ in signedness [-Wpointer-sign]
  225 |         sprintf(msg, "NET");
      |                 ^~~
      |                 |
      |                 uint8_t * {aka unsigned char *}
C:\ST\STM32CubeIDE_1.15.1\STM32CubeIDE\plugins\com.st.stm32cube.ide.mcu.externaltools.gnu-tools-for-stm32.12.3.rel1.win32_1.0.100.202403111256\tools\bin/../lib/gcc/arm-none-eabi/12.3.1/../../../../arm-none-eabi/include/stdio.h:250:18: note: expected 'char * restrict' but argument is of type 'uint8_t *' {aka 'unsigned char *'}
  250 | int     sprintf (char *__restrict, const char *__restrict, ...)
      |                  ^
../Core/Src/main.c:226:29: warning: pointer targets in passing argument 1 of 'ssd1306_WriteString' differ in signedness [-Wpointer-sign]
  226 |         ssd1306_WriteString(msg, Font_6x8, White);
      |                             ^~~
      |                             |
      |                             uint8_t * {aka unsigned char *}
../Core/Inc/ssd1306.h:125:32: note: expected 'char *' but argument is of type 'uint8_t *' {aka 'unsigned char *'}
  125 | char ssd1306_WriteString(char* str, FontDef Font, SSD1306_COLOR color);
      |                          ~~~~~~^~~
../Core/Src/main.c: In function 'ssd1306_NetWorkView':
../Core/Src/main.c:234:17: warning: pointer targets in passing argument 1 of 'sprintf' differ in signedness [-Wpointer-sign]
  234 |         sprintf(msg, "NETWORK %d",WiFiInfo.rssi);
      |                 ^~~
      |                 |
      |                 uint8_t * {aka unsigned char *}
C:\ST\STM32CubeIDE_1.15.1\STM32CubeIDE\plugins\com.st.stm32cube.ide.mcu.externaltools.gnu-tools-for-stm32.12.3.rel1.win32_1.0.100.202403111256\tools\bin/../lib/gcc/arm-none-eabi/12.3.1/../../../../arm-none-eabi/include/stdio.h:250:18: note: expected 'char * restrict' but argument is of type 'uint8_t *' {aka 'unsigned char *'}
  250 | int     sprintf (char *__restrict, const char *__restrict, ...)
      |                  ^
../Core/Src/main.c:235:29: warning: pointer targets in passing argument 1 of 'ssd1306_WriteString' differ in signedness [-Wpointer-sign]
  235 |         ssd1306_WriteString(msg, Font_11x18, White);
      |                             ^~~
      |                             |
      |                             uint8_t * {aka unsigned char *}
../Core/Inc/ssd1306.h:125:32: note: expected 'char *' but argument is of type 'uint8_t *' {aka 'unsigned char *'}
  125 | char ssd1306_WriteString(char* str, FontDef Font, SSD1306_COLOR color);
      |                          ~~~~~~^~~
../Core/Src/main.c:237:17: warning: pointer targets in passing argument 1 of 'sprintf' differ in signedness [-Wpointer-sign]
  237 |         sprintf(msg, "%s",esp_config.ap_ssid);
      |                 ^~~
      |                 |
      |                 uint8_t * {aka unsigned char *}
C:\ST\STM32CubeIDE_1.15.1\STM32CubeIDE\plugins\com.st.stm32cube.ide.mcu.externaltools.gnu-tools-for-stm32.12.3.rel1.win32_1.0.100.202403111256\tools\bin/../lib/gcc/arm-none-eabi/12.3.1/../../../../arm-none-eabi/include/stdio.h:250:18: note: expected 'char * restrict' but argument is of type 'uint8_t *' {aka 'unsigned char *'}
  250 | int     sprintf (char *__restrict, const char *__restrict, ...)
      |                  ^
../Core/Src/main.c:238:29: warning: pointer targets in passing argument 1 of 'ssd1306_WriteString' differ in signedness [-Wpointer-sign]
  238 |         ssd1306_WriteString(msg, Font_7x10, White);
      |                             ^~~
      |                             |
      |                             uint8_t * {aka unsigned char *}
../Core/Inc/ssd1306.h:125:32: note: expected 'char *' but argument is of type 'uint8_t *' {aka 'unsigned char *'}
  125 | char ssd1306_WriteString(char* str, FontDef Font, SSD1306_COLOR color);
      |                          ~~~~~~^~~
../Core/Src/main.c:240:17: warning: pointer targets in passing argument 1 of 'sprintf' differ in signedness [-Wpointer-sign]
  240 |         sprintf(msg, "AP :%s",IPInfo.AP_IP);
      |                 ^~~
      |                 |
      |                 uint8_t * {aka unsigned char *}
C:\ST\STM32CubeIDE_1.15.1\STM32CubeIDE\plugins\com.st.stm32cube.ide.mcu.externaltools.gnu-tools-for-stm32.12.3.rel1.win32_1.0.100.202403111256\tools\bin/../lib/gcc/arm-none-eabi/12.3.1/../../../../arm-none-eabi/include/stdio.h:250:18: note: expected 'char * restrict' but argument is of type 'uint8_t *' {aka 'unsigned char *'}
  250 | int     sprintf (char *__restrict, const char *__restrict, ...)
      |                  ^
../Core/Src/main.c:241:29: warning: pointer targets in passing argument 1 of 'ssd1306_WriteString' differ in signedness [-Wpointer-sign]
  241 |         ssd1306_WriteString(msg, Font_7x10, White);
      |                             ^~~
      |                             |
      |                             uint8_t * {aka unsigned char *}
../Core/Inc/ssd1306.h:125:32: note: expected 'char *' but argument is of type 'uint8_t *' {aka 'unsigned char *'}
  125 | char ssd1306_WriteString(char* str, FontDef Font, SSD1306_COLOR color);
      |                          ~~~~~~^~~
../Core/Src/main.c:243:17: warning: pointer targets in passing argument 1 of 'sprintf' differ in signedness [-Wpointer-sign]
  243 |         sprintf(msg, "%s",WiFiInfo.ssid);
      |                 ^~~
      |                 |
      |                 uint8_t * {aka unsigned char *}
C:\ST\STM32CubeIDE_1.15.1\STM32CubeIDE\plugins\com.st.stm32cube.ide.mcu.externaltools.gnu-tools-for-stm32.12.3.rel1.win32_1.0.100.202403111256\tools\bin/../lib/gcc/arm-none-eabi/12.3.1/../../../../arm-none-eabi/include/stdio.h:250:18: note: expected 'char * restrict' but argument is of type 'uint8_t *' {aka 'unsigned char *'}
  250 | int     sprintf (char *__restrict, const char *__restrict, ...)
      |                  ^
../Core/Src/main.c:244:29: warning: pointer targets in passing argument 1 of 'ssd1306_WriteString' differ in signedness [-Wpointer-sign]
  244 |         ssd1306_WriteString(msg, Font_7x10, White);
      |                             ^~~
      |                             |
      |                             uint8_t * {aka unsigned char *}
../Core/Inc/ssd1306.h:125:32: note: expected 'char *' but argument is of type 'uint8_t *' {aka 'unsigned char *'}
  125 | char ssd1306_WriteString(char* str, FontDef Font, SSD1306_COLOR color);
      |                          ~~~~~~^~~
../Core/Src/main.c:246:17: warning: pointer targets in passing argument 1 of 'sprintf' differ in signedness [-Wpointer-sign]
  246 |         sprintf(msg, "STA:%s",IPInfo.STA_IP);
      |                 ^~~
      |                 |
      |                 uint8_t * {aka unsigned char *}
C:\ST\STM32CubeIDE_1.15.1\STM32CubeIDE\plugins\com.st.stm32cube.ide.mcu.externaltools.gnu-tools-for-stm32.12.3.rel1.win32_1.0.100.202403111256\tools\bin/../lib/gcc/arm-none-eabi/12.3.1/../../../../arm-none-eabi/include/stdio.h:250:18: note: expected 'char * restrict' but argument is of type 'uint8_t *' {aka 'unsigned char *'}
  250 | int     sprintf (char *__restrict, const char *__restrict, ...)
      |                  ^
../Core/Src/main.c:247:29: warning: pointer targets in passing argument 1 of 'ssd1306_WriteString' differ in signedness [-Wpointer-sign]
  247 |         ssd1306_WriteString(msg, Font_7x10, White);
      |                             ^~~
      |                             |
      |                             uint8_t * {aka unsigned char *}
../Core/Inc/ssd1306.h:125:32: note: expected 'char *' but argument is of type 'uint8_t *' {aka 'unsigned char *'}
  125 | char ssd1306_WriteString(char* str, FontDef Font, SSD1306_COLOR color);
      |                          ~~~~~~^~~
../Core/Src/main.c: In function 'ssd1306_SensorView':
../Core/Src/main.c:255:17: warning: pointer targets in passing argument 1 of 'sprintf' differ in signedness [-Wpointer-sign]
  255 |         sprintf(msg, "SENSOR");
      |                 ^~~
      |                 |
      |                 uint8_t * {aka unsigned char *}
C:\ST\STM32CubeIDE_1.15.1\STM32CubeIDE\plugins\com.st.stm32cube.ide.mcu.externaltools.gnu-tools-for-stm32.12.3.rel1.win32_1.0.100.202403111256\tools\bin/../lib/gcc/arm-none-eabi/12.3.1/../../../../arm-none-eabi/include/stdio.h:250:18: note: expected 'char * restrict' but argument is of type 'uint8_t *' {aka 'unsigned char *'}
  250 | int     sprintf (char *__restrict, const char *__restrict, ...)
      |                  ^
../Core/Src/main.c:256:29: warning: pointer targets in passing argument 1 of 'ssd1306_WriteString' differ in signedness [-Wpointer-sign]
  256 |         ssd1306_WriteString(msg, Font_11x18, White);
      |                             ^~~
      |                             |
      |                             uint8_t * {aka unsigned char *}
../Core/Inc/ssd1306.h:125:32: note: expected 'char *' but argument is of type 'uint8_t *' {aka 'unsigned char *'}
  125 | char ssd1306_WriteString(char* str, FontDef Font, SSD1306_COLOR color);
      |                          ~~~~~~^~~
../Core/Src/main.c:258:17: warning: pointer targets in passing argument 1 of 'sprintf' differ in signedness [-Wpointer-sign]
  258 |         sprintf(msg, "T:%dC",(uint8_t)DHT11_Info.temp);
      |                 ^~~
      |                 |
      |                 uint8_t * {aka unsigned char *}
C:\ST\STM32CubeIDE_1.15.1\STM32CubeIDE\plugins\com.st.stm32cube.ide.mcu.externaltools.gnu-tools-for-stm32.12.3.rel1.win32_1.0.100.202403111256\tools\bin/../lib/gcc/arm-none-eabi/12.3.1/../../../../arm-none-eabi/include/stdio.h:250:18: note: expected 'char * restrict' but argument is of type 'uint8_t *' {aka 'unsigned char *'}
  250 | int     sprintf (char *__restrict, const char *__restrict, ...)
      |                  ^
../Core/Src/main.c:259:29: warning: pointer targets in passing argument 1 of 'ssd1306_WriteString' differ in signedness [-Wpointer-sign]
  259 |         ssd1306_WriteString(msg, Font_11x18, White);
      |                             ^~~
      |                             |
      |                             uint8_t * {aka unsigned char *}
../Core/Inc/ssd1306.h:125:32: note: expected 'char *' but argument is of type 'uint8_t *' {aka 'unsigned char *'}
  125 | char ssd1306_WriteString(char* str, FontDef Font, SSD1306_COLOR color);
      |                          ~~~~~~^~~
../Core/Src/main.c:261:17: warning: pointer targets in passing argument 1 of 'sprintf' differ in signedness [-Wpointer-sign]
  261 |         sprintf(msg, "H:%d%%",(uint8_t)DHT11_Info.hum);
      |                 ^~~
      |                 |
      |                 uint8_t * {aka unsigned char *}
C:\ST\STM32CubeIDE_1.15.1\STM32CubeIDE\plugins\com.st.stm32cube.ide.mcu.externaltools.gnu-tools-for-stm32.12.3.rel1.win32_1.0.100.202403111256\tools\bin/../lib/gcc/arm-none-eabi/12.3.1/../../../../arm-none-eabi/include/stdio.h:250:18: note: expected 'char * restrict' but argument is of type 'uint8_t *' {aka 'unsigned char *'}
  250 | int     sprintf (char *__restrict, const char *__restrict, ...)
      |                  ^
../Core/Src/main.c:262:29: warning: pointer targets in passing argument 1 of 'ssd1306_WriteString' differ in signedness [-Wpointer-sign]
  262 |         ssd1306_WriteString(msg, Font_11x18, White);
      |                             ^~~
      |                             |
      |                             uint8_t * {aka unsigned char *}
../Core/Inc/ssd1306.h:125:32: note: expected 'char *' but argument is of type 'uint8_t *' {aka 'unsigned char *'}
  125 | char ssd1306_WriteString(char* str, FontDef Font, SSD1306_COLOR color);
      |                          ~~~~~~^~~
../Core/Src/main.c:264:17: warning: pointer targets in passing argument 1 of 'sprintf' differ in signedness [-Wpointer-sign]
  264 |         sprintf(msg, "L:%d",(uint8_t)DHT11_Alarm_L.temp);
      |                 ^~~
      |                 |
      |                 uint8_t * {aka unsigned char *}
C:\ST\STM32CubeIDE_1.15.1\STM32CubeIDE\plugins\com.st.stm32cube.ide.mcu.externaltools.gnu-tools-for-stm32.12.3.rel1.win32_1.0.100.202403111256\tools\bin/../lib/gcc/arm-none-eabi/12.3.1/../../../../arm-none-eabi/include/stdio.h:250:18: note: expected 'char * restrict' but argument is of type 'uint8_t *' {aka 'unsigned char *'}
  250 | int     sprintf (char *__restrict, const char *__restrict, ...)
      |                  ^
../Core/Src/main.c:265:29: warning: pointer targets in passing argument 1 of 'ssd1306_WriteString' differ in signedness [-Wpointer-sign]
  265 |         ssd1306_WriteString(msg, Font_7x10, White);
      |                             ^~~
      |                             |
      |                             uint8_t * {aka unsigned char *}
../Core/Inc/ssd1306.h:125:32: note: expected 'char *' but argument is of type 'uint8_t *' {aka 'unsigned char *'}
  125 | char ssd1306_WriteString(char* str, FontDef Font, SSD1306_COLOR color);
      |                          ~~~~~~^~~
../Core/Src/main.c:267:17: warning: pointer targets in passing argument 1 of 'sprintf' differ in signedness [-Wpointer-sign]
  267 |         sprintf(msg, "H:%d",(uint8_t)DHT11_Alarm_H.temp);
      |                 ^~~
      |                 |
      |                 uint8_t * {aka unsigned char *}
C:\ST\STM32CubeIDE_1.15.1\STM32CubeIDE\plugins\com.st.stm32cube.ide.mcu.externaltools.gnu-tools-for-stm32.12.3.rel1.win32_1.0.100.202403111256\tools\bin/../lib/gcc/arm-none-eabi/12.3.1/../../../../arm-none-eabi/include/stdio.h:250:18: note: expected 'char * restrict' but argument is of type 'uint8_t *' {aka 'unsigned char *'}
  250 | int     sprintf (char *__restrict, const char *__restrict, ...)
      |                  ^
../Core/Src/main.c:268:29: warning: pointer targets in passing argument 1 of 'ssd1306_WriteString' differ in signedness [-Wpointer-sign]
  268 |         ssd1306_WriteString(msg, Font_7x10, White);
      |                             ^~~
      |                             |
      |                             uint8_t * {aka unsigned char *}
../Core/Inc/ssd1306.h:125:32: note: expected 'char *' but argument is of type 'uint8_t *' {aka 'unsigned char *'}
  125 | char ssd1306_WriteString(char* str, FontDef Font, SSD1306_COLOR color);
      |                          ~~~~~~^~~
../Core/Src/main.c:270:17: warning: pointer targets in passing argument 1 of 'sprintf' differ in signedness [-Wpointer-sign]
  270 |         sprintf(msg, "L:%d",(uint8_t)DHT11_Alarm_L.hum);
      |                 ^~~
      |                 |
      |                 uint8_t * {aka unsigned char *}
C:\ST\STM32CubeIDE_1.15.1\STM32CubeIDE\plugins\com.st.stm32cube.ide.mcu.externaltools.gnu-tools-for-stm32.12.3.rel1.win32_1.0.100.202403111256\tools\bin/../lib/gcc/arm-none-eabi/12.3.1/../../../../arm-none-eabi/include/stdio.h:250:18: note: expected 'char * restrict' but argument is of type 'uint8_t *' {aka 'unsigned char *'}
  250 | int     sprintf (char *__restrict, const char *__restrict, ...)
      |                  ^
../Core/Src/main.c:271:29: warning: pointer targets in passing argument 1 of 'ssd1306_WriteString' differ in signedness [-Wpointer-sign]
  271 |         ssd1306_WriteString(msg, Font_7x10, White);
      |                             ^~~
      |                             |
      |                             uint8_t * {aka unsigned char *}
../Core/Inc/ssd1306.h:125:32: note: expected 'char *' but argument is of type 'uint8_t *' {aka 'unsigned char *'}
  125 | char ssd1306_WriteString(char* str, FontDef Font, SSD1306_COLOR color);
      |                          ~~~~~~^~~
../Core/Src/main.c:273:17: warning: pointer targets in passing argument 1 of 'sprintf' differ in signedness [-Wpointer-sign]
  273 |         sprintf(msg, "H:%d",(uint8_t)DHT11_Alarm_H.hum);
      |                 ^~~
      |                 |
      |                 uint8_t * {aka unsigned char *}
C:\ST\STM32CubeIDE_1.15.1\STM32CubeIDE\plugins\com.st.stm32cube.ide.mcu.externaltools.gnu-tools-for-stm32.12.3.rel1.win32_1.0.100.202403111256\tools\bin/../lib/gcc/arm-none-eabi/12.3.1/../../../../arm-none-eabi/include/stdio.h:250:18: note: expected 'char * restrict' but argument is of type 'uint8_t *' {aka 'unsigned char *'}
  250 | int     sprintf (char *__restrict, const char *__restrict, ...)
      |                  ^
../Core/Src/main.c:274:29: warning: pointer targets in passing argument 1 of 'ssd1306_WriteString' differ in signedness [-Wpointer-sign]
  274 |         ssd1306_WriteString(msg, Font_7x10, White);
      |                             ^~~
      |                             |
      |                             uint8_t * {aka unsigned char *}
../Core/Inc/ssd1306.h:125:32: note: expected 'char *' but argument is of type 'uint8_t *' {aka 'unsigned char *'}
  125 | char ssd1306_WriteString(char* str, FontDef Font, SSD1306_COLOR color);
      |                          ~~~~~~^~~
../Core/Src/main.c:276:17: warning: pointer targets in passing argument 1 of 'sprintf' differ in signedness [-Wpointer-sign]
  276 |         sprintf(msg, "SOIL");
      |                 ^~~
      |                 |
      |                 uint8_t * {aka unsigned char *}
C:\ST\STM32CubeIDE_1.15.1\STM32CubeIDE\plugins\com.st.stm32cube.ide.mcu.externaltools.gnu-tools-for-stm32.12.3.rel1.win32_1.0.100.202403111256\tools\bin/../lib/gcc/arm-none-eabi/12.3.1/../../../../arm-none-eabi/include/stdio.h:250:18: note: expected 'char * restrict' but argument is of type 'uint8_t *' {aka 'unsigned char *'}
  250 | int     sprintf (char *__restrict, const char *__restrict, ...)
      |                  ^
../Core/Src/main.c:277:29: warning: pointer targets in passing argument 1 of 'ssd1306_WriteString' differ in signedness [-Wpointer-sign]
  277 |         ssd1306_WriteString(msg, Font_7x10, White);
      |                             ^~~
      |                             |
      |                             uint8_t * {aka unsigned char *}
../Core/Inc/ssd1306.h:125:32: note: expected 'char *' but argument is of type 'uint8_t *' {aka 'unsigned char *'}
  125 | char ssd1306_WriteString(char* str, FontDef Font, SSD1306_COLOR color);
      |                          ~~~~~~^~~
../Core/Src/main.c:279:17: warning: pointer targets in passing argument 1 of 'sprintf' differ in signedness [-Wpointer-sign]
  279 |         sprintf(msg, "%d",PUMP[2]);
      |                 ^~~
      |                 |
      |                 uint8_t * {aka unsigned char *}
C:\ST\STM32CubeIDE_1.15.1\STM32CubeIDE\plugins\com.st.stm32cube.ide.mcu.externaltools.gnu-tools-for-stm32.12.3.rel1.win32_1.0.100.202403111256\tools\bin/../lib/gcc/arm-none-eabi/12.3.1/../../../../arm-none-eabi/include/stdio.h:250:18: note: expected 'char * restrict' but argument is of type 'uint8_t *' {aka 'unsigned char *'}
  250 | int     sprintf (char *__restrict, const char *__restrict, ...)
      |                  ^
../Core/Src/main.c:280:29: warning: pointer targets in passing argument 1 of 'ssd1306_WriteString' differ in signedness [-Wpointer-sign]
  280 |         ssd1306_WriteString(msg, Font_7x10, White);
      |                             ^~~
      |                             |
      |                             uint8_t * {aka unsigned char *}
../Core/Inc/ssd1306.h:125:32: note: expected 'char *' but argument is of type 'uint8_t *' {aka 'unsigned char *'}
  125 | char ssd1306_WriteString(char* str, FontDef Font, SSD1306_COLOR color);
      |                          ~~~~~~^~~
../Core/Src/main.c:282:17: warning: pointer targets in passing argument 1 of 'sprintf' differ in signedness [-Wpointer-sign]
  282 |         sprintf(msg, "%d",PUMP[3]);
      |                 ^~~
      |                 |
      |                 uint8_t * {aka unsigned char *}
C:\ST\STM32CubeIDE_1.15.1\STM32CubeIDE\plugins\com.st.stm32cube.ide.mcu.externaltools.gnu-tools-for-stm32.12.3.rel1.win32_1.0.100.202403111256\tools\bin/../lib/gcc/arm-none-eabi/12.3.1/../../../../arm-none-eabi/include/stdio.h:250:18: note: expected 'char * restrict' but argument is of type 'uint8_t *' {aka 'unsigned char *'}
  250 | int     sprintf (char *__restrict, const char *__restrict, ...)
      |                  ^
../Core/Src/main.c:283:29: warning: pointer targets in passing argument 1 of 'ssd1306_WriteString' differ in signedness [-Wpointer-sign]
  283 |         ssd1306_WriteString(msg, Font_7x10, White);
      |                             ^~~
      |                             |
      |                             uint8_t * {aka unsigned char *}
../Core/Inc/ssd1306.h:125:32: note: expected 'char *' but argument is of type 'uint8_t *' {aka 'unsigned char *'}
  125 | char ssd1306_WriteString(char* str, FontDef Font, SSD1306_COLOR color);
      |                          ~~~~~~^~~
../Core/Src/main.c:285:17: warning: pointer targets in passing argument 1 of 'sprintf' differ in signedness [-Wpointer-sign]
  285 |         sprintf(msg, "%d",PUMP[4]);
      |                 ^~~
      |                 |
      |                 uint8_t * {aka unsigned char *}
C:\ST\STM32CubeIDE_1.15.1\STM32CubeIDE\plugins\com.st.stm32cube.ide.mcu.externaltools.gnu-tools-for-stm32.12.3.rel1.win32_1.0.100.202403111256\tools\bin/../lib/gcc/arm-none-eabi/12.3.1/../../../../arm-none-eabi/include/stdio.h:250:18: note: expected 'char * restrict' but argument is of type 'uint8_t *' {aka 'unsigned char *'}
  250 | int     sprintf (char *__restrict, const char *__restrict, ...)
      |                  ^
../Core/Src/main.c:286:29: warning: pointer targets in passing argument 1 of 'ssd1306_WriteString' differ in signedness [-Wpointer-sign]
  286 |         ssd1306_WriteString(msg, Font_7x10, White);
      |                             ^~~
      |                             |
      |                             uint8_t * {aka unsigned char *}
../Core/Inc/ssd1306.h:125:32: note: expected 'char *' but argument is of type 'uint8_t *' {aka 'unsigned char *'}
  125 | char ssd1306_WriteString(char* str, FontDef Font, SSD1306_COLOR color);
      |                          ~~~~~~^~~
../Core/Src/main.c:288:17: warning: pointer targets in passing argument 1 of 'sprintf' differ in signedness [-Wpointer-sign]
  288 |         sprintf(msg, "<");
      |                 ^~~
      |                 |
      |                 uint8_t * {aka unsigned char *}
C:\ST\STM32CubeIDE_1.15.1\STM32CubeIDE\plugins\com.st.stm32cube.ide.mcu.externaltools.gnu-tools-for-stm32.12.3.rel1.win32_1.0.100.202403111256\tools\bin/../lib/gcc/arm-none-eabi/12.3.1/../../../../arm-none-eabi/include/stdio.h:250:18: note: expected 'char * restrict' but argument is of type 'uint8_t *' {aka 'unsigned char *'}
  250 | int     sprintf (char *__restrict, const char *__restrict, ...)
      |                  ^
../Core/Src/main.c:289:29: warning: pointer targets in passing argument 1 of 'ssd1306_WriteString' differ in signedness [-Wpointer-sign]
  289 |         ssd1306_WriteString(msg, Font_6x8, White);
      |                             ^~~
      |                             |
      |                             uint8_t * {aka unsigned char *}
../Core/Inc/ssd1306.h:125:32: note: expected 'char *' but argument is of type 'uint8_t *' {aka 'unsigned char *'}
  125 | char ssd1306_WriteString(char* str, FontDef Font, SSD1306_COLOR color);
      |                          ~~~~~~^~~
../Core/Src/main.c:291:17: warning: pointer targets in passing argument 1 of 'sprintf' differ in signedness [-Wpointer-sign]
  291 |         sprintf(msg, "%s", settings[FLAG_NowSettingVal]);
      |                 ^~~
      |                 |
      |                 uint8_t * {aka unsigned char *}
C:\ST\STM32CubeIDE_1.15.1\STM32CubeIDE\plugins\com.st.stm32cube.ide.mcu.externaltools.gnu-tools-for-stm32.12.3.rel1.win32_1.0.100.202403111256\tools\bin/../lib/gcc/arm-none-eabi/12.3.1/../../../../arm-none-eabi/include/stdio.h:250:18: note: expected 'char * restrict' but argument is of type 'uint8_t *' {aka 'unsigned char *'}
  250 | int     sprintf (char *__restrict, const char *__restrict, ...)
      |                  ^
../Core/Src/main.c:292:29: warning: pointer targets in passing argument 1 of 'ssd1306_WriteString' differ in signedness [-Wpointer-sign]
  292 |         ssd1306_WriteString(msg, Font_6x8, White);
      |                             ^~~
      |                             |
      |                             uint8_t * {aka unsigned char *}
../Core/Inc/ssd1306.h:125:32: note: expected 'char *' but argument is of type 'uint8_t *' {aka 'unsigned char *'}
  125 | char ssd1306_WriteString(char* str, FontDef Font, SSD1306_COLOR color);
      |                          ~~~~~~^~~
../Core/Src/main.c:294:17: warning: pointer targets in passing argument 1 of 'sprintf' differ in signedness [-Wpointer-sign]
  294 |         sprintf(msg, " \\/");
      |                 ^~~
      |                 |
      |                 uint8_t * {aka unsigned char *}
C:\ST\STM32CubeIDE_1.15.1\STM32CubeIDE\plugins\com.st.stm32cube.ide.mcu.externaltools.gnu-tools-for-stm32.12.3.rel1.win32_1.0.100.202403111256\tools\bin/../lib/gcc/arm-none-eabi/12.3.1/../../../../arm-none-eabi/include/stdio.h:250:18: note: expected 'char * restrict' but argument is of type 'uint8_t *' {aka 'unsigned char *'}
  250 | int     sprintf (char *__restrict, const char *__restrict, ...)
      |                  ^
../Core/Src/main.c:295:29: warning: pointer targets in passing argument 1 of 'ssd1306_WriteString' differ in signedness [-Wpointer-sign]
  295 |         ssd1306_WriteString(msg, Font_6x8, White);
      |                             ^~~
      |                             |
      |                             uint8_t * {aka unsigned char *}
../Core/Inc/ssd1306.h:125:32: note: expected 'char *' but argument is of type 'uint8_t *' {aka 'unsigned char *'}
  125 | char ssd1306_WriteString(char* str, FontDef Font, SSD1306_COLOR color);
      |                          ~~~~~~^~~
../Core/Src/main.c:297:17: warning: pointer targets in passing argument 1 of 'sprintf' differ in signedness [-Wpointer-sign]
  297 |         sprintf(msg, " /\\");
      |                 ^~~
      |                 |
      |                 uint8_t * {aka unsigned char *}
C:\ST\STM32CubeIDE_1.15.1\STM32CubeIDE\plugins\com.st.stm32cube.ide.mcu.externaltools.gnu-tools-for-stm32.12.3.rel1.win32_1.0.100.202403111256\tools\bin/../lib/gcc/arm-none-eabi/12.3.1/../../../../arm-none-eabi/include/stdio.h:250:18: note: expected 'char * restrict' but argument is of type 'uint8_t *' {aka 'unsigned char *'}
  250 | int     sprintf (char *__restrict, const char *__restrict, ...)
      |                  ^
../Core/Src/main.c:298:29: warning: pointer targets in passing argument 1 of 'ssd1306_WriteString' differ in signedness [-Wpointer-sign]
  298 |         ssd1306_WriteString(msg, Font_6x8, White);
      |                             ^~~
      |                             |
      |                             uint8_t * {aka unsigned char *}
../Core/Inc/ssd1306.h:125:32: note: expected 'char *' but argument is of type 'uint8_t *' {aka 'unsigned char *'}
  125 | char ssd1306_WriteString(char* str, FontDef Font, SSD1306_COLOR color);
      |                          ~~~~~~^~~
../Core/Src/main.c: In function 'ssd1306_PumpView':
../Core/Src/main.c:306:17: warning: pointer targets in passing argument 1 of 'sprintf' differ in signedness [-Wpointer-sign]
  306 |         sprintf(msg, "PUMP");
      |                 ^~~
      |                 |
      |                 uint8_t * {aka unsigned char *}
C:\ST\STM32CubeIDE_1.15.1\STM32CubeIDE\plugins\com.st.stm32cube.ide.mcu.externaltools.gnu-tools-for-stm32.12.3.rel1.win32_1.0.100.202403111256\tools\bin/../lib/gcc/arm-none-eabi/12.3.1/../../../../arm-none-eabi/include/stdio.h:250:18: note: expected 'char * restrict' but argument is of type 'uint8_t *' {aka 'unsigned char *'}
  250 | int     sprintf (char *__restrict, const char *__restrict, ...)
      |                  ^
../Core/Src/main.c:307:29: warning: pointer targets in passing argument 1 of 'ssd1306_WriteString' differ in signedness [-Wpointer-sign]
  307 |         ssd1306_WriteString(msg, Font_11x18, White);
      |                             ^~~
      |                             |
      |                             uint8_t * {aka unsigned char *}
../Core/Inc/ssd1306.h:125:32: note: expected 'char *' but argument is of type 'uint8_t *' {aka 'unsigned char *'}
  125 | char ssd1306_WriteString(char* str, FontDef Font, SSD1306_COLOR color);
      |                          ~~~~~~^~~
../Core/Src/main.c:310:17: warning: pointer targets in passing argument 1 of 'sprintf' differ in signedness [-Wpointer-sign]
  310 |         sprintf(msg, "%s",TimerStates[FLAG_CurrentTimerStates]);
      |                 ^~~
      |                 |
      |                 uint8_t * {aka unsigned char *}
C:\ST\STM32CubeIDE_1.15.1\STM32CubeIDE\plugins\com.st.stm32cube.ide.mcu.externaltools.gnu-tools-for-stm32.12.3.rel1.win32_1.0.100.202403111256\tools\bin/../lib/gcc/arm-none-eabi/12.3.1/../../../../arm-none-eabi/include/stdio.h:250:18: note: expected 'char * restrict' but argument is of type 'uint8_t *' {aka 'unsigned char *'}
  250 | int     sprintf (char *__restrict, const char *__restrict, ...)
      |                  ^
../Core/Src/main.c:311:29: warning: pointer targets in passing argument 1 of 'ssd1306_WriteString' differ in signedness [-Wpointer-sign]
  311 |         ssd1306_WriteString(msg, Font_7x10, White);
      |                             ^~~
      |                             |
      |                             uint8_t * {aka unsigned char *}
../Core/Inc/ssd1306.h:125:32: note: expected 'char *' but argument is of type 'uint8_t *' {aka 'unsigned char *'}
  125 | char ssd1306_WriteString(char* str, FontDef Font, SSD1306_COLOR color);
      |                          ~~~~~~^~~
../Core/Src/main.c:315:17: warning: pointer targets in passing argument 1 of 'sprintf' differ in signedness [-Wpointer-sign]
  315 |         sprintf(msg, "U:%d\r\n", PUMP[0]);
      |                 ^~~
      |                 |
      |                 uint8_t * {aka unsigned char *}
C:\ST\STM32CubeIDE_1.15.1\STM32CubeIDE\plugins\com.st.stm32cube.ide.mcu.externaltools.gnu-tools-for-stm32.12.3.rel1.win32_1.0.100.202403111256\tools\bin/../lib/gcc/arm-none-eabi/12.3.1/../../../../arm-none-eabi/include/stdio.h:250:18: note: expected 'char * restrict' but argument is of type 'uint8_t *' {aka 'unsigned char *'}
  250 | int     sprintf (char *__restrict, const char *__restrict, ...)
      |                  ^
../Core/Src/main.c:316:29: warning: pointer targets in passing argument 1 of 'ssd1306_WriteString' differ in signedness [-Wpointer-sign]
  316 |         ssd1306_WriteString(msg, Font_11x18, White);
      |                             ^~~
      |                             |
      |                             uint8_t * {aka unsigned char *}
../Core/Inc/ssd1306.h:125:32: note: expected 'char *' but argument is of type 'uint8_t *' {aka 'unsigned char *'}
  125 | char ssd1306_WriteString(char* str, FontDef Font, SSD1306_COLOR color);
      |                          ~~~~~~^~~
../Core/Src/main.c:318:17: warning: pointer targets in passing argument 1 of 'sprintf' differ in signedness [-Wpointer-sign]
  318 |         sprintf(msg, "I:%d\r\n", PUMP[1]);
      |                 ^~~
      |                 |
      |                 uint8_t * {aka unsigned char *}
C:\ST\STM32CubeIDE_1.15.1\STM32CubeIDE\plugins\com.st.stm32cube.ide.mcu.externaltools.gnu-tools-for-stm32.12.3.rel1.win32_1.0.100.202403111256\tools\bin/../lib/gcc/arm-none-eabi/12.3.1/../../../../arm-none-eabi/include/stdio.h:250:18: note: expected 'char * restrict' but argument is of type 'uint8_t *' {aka 'unsigned char *'}
  250 | int     sprintf (char *__restrict, const char *__restrict, ...)
      |                  ^
../Core/Src/main.c:319:29: warning: pointer targets in passing argument 1 of 'ssd1306_WriteString' differ in signedness [-Wpointer-sign]
  319 |         ssd1306_WriteString(msg, Font_11x18, White);
      |                             ^~~
      |                             |
      |                             uint8_t * {aka unsigned char *}
../Core/Inc/ssd1306.h:125:32: note: expected 'char *' but argument is of type 'uint8_t *' {aka 'unsigned char *'}
  125 | char ssd1306_WriteString(char* str, FontDef Font, SSD1306_COLOR color);
      |                          ~~~~~~^~~
../Core/Src/main.c:321:17: warning: pointer targets in passing argument 1 of 'sprintf' differ in signedness [-Wpointer-sign]
  321 |         sprintf(msg, "Duty:%d", PUMP_PWM);
      |                 ^~~
      |                 |
      |                 uint8_t * {aka unsigned char *}
C:\ST\STM32CubeIDE_1.15.1\STM32CubeIDE\plugins\com.st.stm32cube.ide.mcu.externaltools.gnu-tools-for-stm32.12.3.rel1.win32_1.0.100.202403111256\tools\bin/../lib/gcc/arm-none-eabi/12.3.1/../../../../arm-none-eabi/include/stdio.h:250:18: note: expected 'char * restrict' but argument is of type 'uint8_t *' {aka 'unsigned char *'}
  250 | int     sprintf (char *__restrict, const char *__restrict, ...)
      |                  ^
../Core/Src/main.c:322:29: warning: pointer targets in passing argument 1 of 'ssd1306_WriteString' differ in signedness [-Wpointer-sign]
  322 |         ssd1306_WriteString(msg, Font_11x18, White);
      |                             ^~~
      |                             |
      |                             uint8_t * {aka unsigned char *}
../Core/Inc/ssd1306.h:125:32: note: expected 'char *' but argument is of type 'uint8_t *' {aka 'unsigned char *'}
  125 | char ssd1306_WriteString(char* str, FontDef Font, SSD1306_COLOR color);
      |                          ~~~~~~^~~
../Core/Src/main.c:324:17: warning: pointer targets in passing argument 1 of 'sprintf' differ in signedness [-Wpointer-sign]
  324 |         sprintf(msg, "MAX");
      |                 ^~~
      |                 |
      |                 uint8_t * {aka unsigned char *}
C:\ST\STM32CubeIDE_1.15.1\STM32CubeIDE\plugins\com.st.stm32cube.ide.mcu.externaltools.gnu-tools-for-stm32.12.3.rel1.win32_1.0.100.202403111256\tools\bin/../lib/gcc/arm-none-eabi/12.3.1/../../../../arm-none-eabi/include/stdio.h:250:18: note: expected 'char * restrict' but argument is of type 'uint8_t *' {aka 'unsigned char *'}
  250 | int     sprintf (char *__restrict, const char *__restrict, ...)
      |                  ^
../Core/Src/main.c:325:29: warning: pointer targets in passing argument 1 of 'ssd1306_WriteString' differ in signedness [-Wpointer-sign]
  325 |         ssd1306_WriteString(msg, Font_6x8, White);
      |                             ^~~
      |                             |
      |                             uint8_t * {aka unsigned char *}
../Core/Inc/ssd1306.h:125:32: note: expected 'char *' but argument is of type 'uint8_t *' {aka 'unsigned char *'}
  125 | char ssd1306_WriteString(char* str, FontDef Font, SSD1306_COLOR color);
      |                          ~~~~~~^~~
../Core/Src/main.c:327:17: warning: pointer targets in passing argument 1 of 'sprintf' differ in signedness [-Wpointer-sign]
  327 |         sprintf(msg, "720");
      |                 ^~~
      |                 |
      |                 uint8_t * {aka unsigned char *}
C:\ST\STM32CubeIDE_1.15.1\STM32CubeIDE\plugins\com.st.stm32cube.ide.mcu.externaltools.gnu-tools-for-stm32.12.3.rel1.win32_1.0.100.202403111256\tools\bin/../lib/gcc/arm-none-eabi/12.3.1/../../../../arm-none-eabi/include/stdio.h:250:18: note: expected 'char * restrict' but argument is of type 'uint8_t *' {aka 'unsigned char *'}
  250 | int     sprintf (char *__restrict, const char *__restrict, ...)
      |                  ^
../Core/Src/main.c:328:29: warning: pointer targets in passing argument 1 of 'ssd1306_WriteString' differ in signedness [-Wpointer-sign]
  328 |         ssd1306_WriteString(msg, Font_6x8, White);
      |                             ^~~
      |                             |
      |                             uint8_t * {aka unsigned char *}
../Core/Inc/ssd1306.h:125:32: note: expected 'char *' but argument is of type 'uint8_t *' {aka 'unsigned char *'}
  125 | char ssd1306_WriteString(char* str, FontDef Font, SSD1306_COLOR color);
      |                          ~~~~~~^~~
../Core/Src/main.c:330:17: warning: pointer targets in passing argument 1 of 'sprintf' differ in signedness [-Wpointer-sign]
  330 |         sprintf(msg, "<");
      |                 ^~~
      |                 |
      |                 uint8_t * {aka unsigned char *}
C:\ST\STM32CubeIDE_1.15.1\STM32CubeIDE\plugins\com.st.stm32cube.ide.mcu.externaltools.gnu-tools-for-stm32.12.3.rel1.win32_1.0.100.202403111256\tools\bin/../lib/gcc/arm-none-eabi/12.3.1/../../../../arm-none-eabi/include/stdio.h:250:18: note: expected 'char * restrict' but argument is of type 'uint8_t *' {aka 'unsigned char *'}
  250 | int     sprintf (char *__restrict, const char *__restrict, ...)
      |                  ^
../Core/Src/main.c:331:29: warning: pointer targets in passing argument 1 of 'ssd1306_WriteString' differ in signedness [-Wpointer-sign]
  331 |         ssd1306_WriteString(msg, Font_6x8, White);
      |                             ^~~
      |                             |
      |                             uint8_t * {aka unsigned char *}
../Core/Inc/ssd1306.h:125:32: note: expected 'char *' but argument is of type 'uint8_t *' {aka 'unsigned char *'}
  125 | char ssd1306_WriteString(char* str, FontDef Font, SSD1306_COLOR color);
      |                          ~~~~~~^~~
../Core/Src/main.c:333:17: warning: pointer targets in passing argument 1 of 'sprintf' differ in signedness [-Wpointer-sign]
  333 |         sprintf(msg, "TimeSet");
      |                 ^~~
      |                 |
      |                 uint8_t * {aka unsigned char *}
C:\ST\STM32CubeIDE_1.15.1\STM32CubeIDE\plugins\com.st.stm32cube.ide.mcu.externaltools.gnu-tools-for-stm32.12.3.rel1.win32_1.0.100.202403111256\tools\bin/../lib/gcc/arm-none-eabi/12.3.1/../../../../arm-none-eabi/include/stdio.h:250:18: note: expected 'char * restrict' but argument is of type 'uint8_t *' {aka 'unsigned char *'}
  250 | int     sprintf (char *__restrict, const char *__restrict, ...)
      |                  ^
../Core/Src/main.c:334:29: warning: pointer targets in passing argument 1 of 'ssd1306_WriteString' differ in signedness [-Wpointer-sign]
  334 |         ssd1306_WriteString(msg, Font_6x8, White);
      |                             ^~~
      |                             |
      |                             uint8_t * {aka unsigned char *}
../Core/Inc/ssd1306.h:125:32: note: expected 'char *' but argument is of type 'uint8_t *' {aka 'unsigned char *'}
  125 | char ssd1306_WriteString(char* str, FontDef Font, SSD1306_COLOR color);
      |                          ~~~~~~^~~
../Core/Src/main.c:336:17: warning: pointer targets in passing argument 1 of 'sprintf' differ in signedness [-Wpointer-sign]
  336 |         sprintf(msg, " \\/");
      |                 ^~~
      |                 |
      |                 uint8_t * {aka unsigned char *}
C:\ST\STM32CubeIDE_1.15.1\STM32CubeIDE\plugins\com.st.stm32cube.ide.mcu.externaltools.gnu-tools-for-stm32.12.3.rel1.win32_1.0.100.202403111256\tools\bin/../lib/gcc/arm-none-eabi/12.3.1/../../../../arm-none-eabi/include/stdio.h:250:18: note: expected 'char * restrict' but argument is of type 'uint8_t *' {aka 'unsigned char *'}
  250 | int     sprintf (char *__restrict, const char *__restrict, ...)
      |                  ^
../Core/Src/main.c:337:29: warning: pointer targets in passing argument 1 of 'ssd1306_WriteString' differ in signedness [-Wpointer-sign]
  337 |         ssd1306_WriteString(msg, Font_6x8, White);
      |                             ^~~
      |                             |
      |                             uint8_t * {aka unsigned char *}
../Core/Inc/ssd1306.h:125:32: note: expected 'char *' but argument is of type 'uint8_t *' {aka 'unsigned char *'}
  125 | char ssd1306_WriteString(char* str, FontDef Font, SSD1306_COLOR color);
      |                          ~~~~~~^~~
../Core/Src/main.c:339:17: warning: pointer targets in passing argument 1 of 'sprintf' differ in signedness [-Wpointer-sign]
  339 |         sprintf(msg, " /\\");
      |                 ^~~
      |                 |
      |                 uint8_t * {aka unsigned char *}
C:\ST\STM32CubeIDE_1.15.1\STM32CubeIDE\plugins\com.st.stm32cube.ide.mcu.externaltools.gnu-tools-for-stm32.12.3.rel1.win32_1.0.100.202403111256\tools\bin/../lib/gcc/arm-none-eabi/12.3.1/../../../../arm-none-eabi/include/stdio.h:250:18: note: expected 'char * restrict' but argument is of type 'uint8_t *' {aka 'unsigned char *'}
  250 | int     sprintf (char *__restrict, const char *__restrict, ...)
      |                  ^
../Core/Src/main.c:340:29: warning: pointer targets in passing argument 1 of 'ssd1306_WriteString' differ in signedness [-Wpointer-sign]
  340 |         ssd1306_WriteString(msg, Font_6x8, White);
      |                             ^~~
      |                             |
      |                             uint8_t * {aka unsigned char *}
../Core/Inc/ssd1306.h:125:32: note: expected 'char *' but argument is of type 'uint8_t *' {aka 'unsigned char *'}
  125 | char ssd1306_WriteString(char* str, FontDef Font, SSD1306_COLOR color);
      |                          ~~~~~~^~~
../Core/Src/main.c: In function 'ssd1306_BuzzerView':
../Core/Src/main.c:348:17: warning: pointer targets in passing argument 1 of 'sprintf' differ in signedness [-Wpointer-sign]
  348 |         sprintf(msg, "BUZZER");
      |                 ^~~
      |                 |
      |                 uint8_t * {aka unsigned char *}
C:\ST\STM32CubeIDE_1.15.1\STM32CubeIDE\plugins\com.st.stm32cube.ide.mcu.externaltools.gnu-tools-for-stm32.12.3.rel1.win32_1.0.100.202403111256\tools\bin/../lib/gcc/arm-none-eabi/12.3.1/../../../../arm-none-eabi/include/stdio.h:250:18: note: expected 'char * restrict' but argument is of type 'uint8_t *' {aka 'unsigned char *'}
  250 | int     sprintf (char *__restrict, const char *__restrict, ...)
      |                  ^
../Core/Src/main.c:349:29: warning: pointer targets in passing argument 1 of 'ssd1306_WriteString' differ in signedness [-Wpointer-sign]
  349 |         ssd1306_WriteString(msg, Font_11x18, White);
      |                             ^~~
      |                             |
      |                             uint8_t * {aka unsigned char *}
../Core/Inc/ssd1306.h:125:32: note: expected 'char *' but argument is of type 'uint8_t *' {aka 'unsigned char *'}
  125 | char ssd1306_WriteString(char* str, FontDef Font, SSD1306_COLOR color);
      |                          ~~~~~~^~~
../Core/Src/main.c:351:17: warning: pointer targets in passing argument 1 of 'sprintf' differ in signedness [-Wpointer-sign]
  351 |         sprintf(msg, "FREQ:%d\r\n",buzzer.frequency );
      |                 ^~~
      |                 |
      |                 uint8_t * {aka unsigned char *}
C:\ST\STM32CubeIDE_1.15.1\STM32CubeIDE\plugins\com.st.stm32cube.ide.mcu.externaltools.gnu-tools-for-stm32.12.3.rel1.win32_1.0.100.202403111256\tools\bin/../lib/gcc/arm-none-eabi/12.3.1/../../../../arm-none-eabi/include/stdio.h:250:18: note: expected 'char * restrict' but argument is of type 'uint8_t *' {aka 'unsigned char *'}
  250 | int     sprintf (char *__restrict, const char *__restrict, ...)
      |                  ^
../Core/Src/main.c:351:29: warning: format '%d' expects argument of type 'int', but argument 3 has type 'uint32_t' {aka 'long unsigned int'} [-Wformat=]
  351 |         sprintf(msg, "FREQ:%d\r\n",buzzer.frequency );
      |                            ~^      ~~~~~~~~~~~~~~~~
      |                             |            |
      |                             int          uint32_t {aka long unsigned int}
      |                            %ld
../Core/Src/main.c:352:29: warning: pointer targets in passing argument 1 of 'ssd1306_WriteString' differ in signedness [-Wpointer-sign]
  352 |         ssd1306_WriteString(msg, Font_11x18, White);
      |                             ^~~
      |                             |
      |                             uint8_t * {aka unsigned char *}
../Core/Inc/ssd1306.h:125:32: note: expected 'char *' but argument is of type 'uint8_t *' {aka 'unsigned char *'}
  125 | char ssd1306_WriteString(char* str, FontDef Font, SSD1306_COLOR color);
      |                          ~~~~~~^~~
../Core/Src/main.c:354:13: warning: pointer targets in passing argument 1 of 'sprintf' differ in signedness [-Wpointer-sign]
  354 |     sprintf(msg, "MUTE: %s\r\n", FLAG_MUTE ? "ON" : "OFF");
      |             ^~~
      |             |
      |             uint8_t * {aka unsigned char *}
C:\ST\STM32CubeIDE_1.15.1\STM32CubeIDE\plugins\com.st.stm32cube.ide.mcu.externaltools.gnu-tools-for-stm32.12.3.rel1.win32_1.0.100.202403111256\tools\bin/../lib/gcc/arm-none-eabi/12.3.1/../../../../arm-none-eabi/include/stdio.h:250:18: note: expected 'char * restrict' but argument is of type 'uint8_t *' {aka 'unsigned char *'}
  250 | int     sprintf (char *__restrict, const char *__restrict, ...)
      |                  ^
../Core/Src/main.c:355:25: warning: pointer targets in passing argument 1 of 'ssd1306_WriteString' differ in signedness [-Wpointer-sign]
  355 |     ssd1306_WriteString(msg, Font_11x18, White);
      |                         ^~~
      |                         |
      |                         uint8_t * {aka unsigned char *}
../Core/Inc/ssd1306.h:125:32: note: expected 'char *' but argument is of type 'uint8_t *' {aka 'unsigned char *'}
  125 | char ssd1306_WriteString(char* str, FontDef Font, SSD1306_COLOR color);
      |                          ~~~~~~^~~
../Core/Src/main.c:357:17: warning: pointer targets in passing argument 1 of 'sprintf' differ in signedness [-Wpointer-sign]
  357 |         sprintf(msg, "<");
      |                 ^~~
      |                 |
      |                 uint8_t * {aka unsigned char *}
C:\ST\STM32CubeIDE_1.15.1\STM32CubeIDE\plugins\com.st.stm32cube.ide.mcu.externaltools.gnu-tools-for-stm32.12.3.rel1.win32_1.0.100.202403111256\tools\bin/../lib/gcc/arm-none-eabi/12.3.1/../../../../arm-none-eabi/include/stdio.h:250:18: note: expected 'char * restrict' but argument is of type 'uint8_t *' {aka 'unsigned char *'}
  250 | int     sprintf (char *__restrict, const char *__restrict, ...)
      |                  ^
../Core/Src/main.c:358:29: warning: pointer targets in passing argument 1 of 'ssd1306_WriteString' differ in signedness [-Wpointer-sign]
  358 |         ssd1306_WriteString(msg, Font_6x8, White);
      |                             ^~~
      |                             |
      |                             uint8_t * {aka unsigned char *}
../Core/Inc/ssd1306.h:125:32: note: expected 'char *' but argument is of type 'uint8_t *' {aka 'unsigned char *'}
  125 | char ssd1306_WriteString(char* str, FontDef Font, SSD1306_COLOR color);
      |                          ~~~~~~^~~
../Core/Src/main.c:360:17: warning: pointer targets in passing argument 1 of 'sprintf' differ in signedness [-Wpointer-sign]
  360 |         sprintf(msg, "MUTE");
      |                 ^~~
      |                 |
      |                 uint8_t * {aka unsigned char *}
C:\ST\STM32CubeIDE_1.15.1\STM32CubeIDE\plugins\com.st.stm32cube.ide.mcu.externaltools.gnu-tools-for-stm32.12.3.rel1.win32_1.0.100.202403111256\tools\bin/../lib/gcc/arm-none-eabi/12.3.1/../../../../arm-none-eabi/include/stdio.h:250:18: note: expected 'char * restrict' but argument is of type 'uint8_t *' {aka 'unsigned char *'}
  250 | int     sprintf (char *__restrict, const char *__restrict, ...)
      |                  ^
../Core/Src/main.c:361:29: warning: pointer targets in passing argument 1 of 'ssd1306_WriteString' differ in signedness [-Wpointer-sign]
  361 |         ssd1306_WriteString(msg, Font_6x8, White);
      |                             ^~~
      |                             |
      |                             uint8_t * {aka unsigned char *}
../Core/Inc/ssd1306.h:125:32: note: expected 'char *' but argument is of type 'uint8_t *' {aka 'unsigned char *'}
  125 | char ssd1306_WriteString(char* str, FontDef Font, SSD1306_COLOR color);
      |                          ~~~~~~^~~
../Core/Src/main.c:363:17: warning: pointer targets in passing argument 1 of 'sprintf' differ in signedness [-Wpointer-sign]
  363 |         sprintf(msg, " \\/");
      |                 ^~~
      |                 |
      |                 uint8_t * {aka unsigned char *}
C:\ST\STM32CubeIDE_1.15.1\STM32CubeIDE\plugins\com.st.stm32cube.ide.mcu.externaltools.gnu-tools-for-stm32.12.3.rel1.win32_1.0.100.202403111256\tools\bin/../lib/gcc/arm-none-eabi/12.3.1/../../../../arm-none-eabi/include/stdio.h:250:18: note: expected 'char * restrict' but argument is of type 'uint8_t *' {aka 'unsigned char *'}
  250 | int     sprintf (char *__restrict, const char *__restrict, ...)
      |                  ^
../Core/Src/main.c:364:29: warning: pointer targets in passing argument 1 of 'ssd1306_WriteString' differ in signedness [-Wpointer-sign]
  364 |         ssd1306_WriteString(msg, Font_6x8, White);
      |                             ^~~
      |                             |
      |                             uint8_t * {aka unsigned char *}
../Core/Inc/ssd1306.h:125:32: note: expected 'char *' but argument is of type 'uint8_t *' {aka 'unsigned char *'}
  125 | char ssd1306_WriteString(char* str, FontDef Font, SSD1306_COLOR color);
      |                          ~~~~~~^~~
../Core/Src/main.c:366:17: warning: pointer targets in passing argument 1 of 'sprintf' differ in signedness [-Wpointer-sign]
  366 |         sprintf(msg, " /\\");
      |                 ^~~
      |                 |
      |                 uint8_t * {aka unsigned char *}
C:\ST\STM32CubeIDE_1.15.1\STM32CubeIDE\plugins\com.st.stm32cube.ide.mcu.externaltools.gnu-tools-for-stm32.12.3.rel1.win32_1.0.100.202403111256\tools\bin/../lib/gcc/arm-none-eabi/12.3.1/../../../../arm-none-eabi/include/stdio.h:250:18: note: expected 'char * restrict' but argument is of type 'uint8_t *' {aka 'unsigned char *'}
  250 | int     sprintf (char *__restrict, const char *__restrict, ...)
      |                  ^
../Core/Src/main.c:367:29: warning: pointer targets in passing argument 1 of 'ssd1306_WriteString' differ in signedness [-Wpointer-sign]
  367 |         ssd1306_WriteString(msg, Font_6x8, White);
      |                             ^~~
      |                             |
      |                             uint8_t * {aka unsigned char *}
../Core/Inc/ssd1306.h:125:32: note: expected 'char *' but argument is of type 'uint8_t *' {aka 'unsigned char *'}
  125 | char ssd1306_WriteString(char* str, FontDef Font, SSD1306_COLOR color);
      |                          ~~~~~~^~~
../Core/Src/main.c: At top level:
../Core/Src/main.c:371:1: warning: return type defaults to 'int' [-Wimplicit-int]
  371 | ssd1306_ConfigView(){
      | ^~~~~~~~~~~~~~~~~~
../Core/Src/main.c: In function 'ssd1306_ConfigView':
../Core/Src/main.c:375:17: warning: pointer targets in passing argument 1 of 'sprintf' differ in signedness [-Wpointer-sign]
  375 |         sprintf(msg, "CONFIG");
      |                 ^~~
      |                 |
      |                 uint8_t * {aka unsigned char *}
C:\ST\STM32CubeIDE_1.15.1\STM32CubeIDE\plugins\com.st.stm32cube.ide.mcu.externaltools.gnu-tools-for-stm32.12.3.rel1.win32_1.0.100.202403111256\tools\bin/../lib/gcc/arm-none-eabi/12.3.1/../../../../arm-none-eabi/include/stdio.h:250:18: note: expected 'char * restrict' but argument is of type 'uint8_t *' {aka 'unsigned char *'}
  250 | int     sprintf (char *__restrict, const char *__restrict, ...)
      |                  ^
../Core/Src/main.c:376:29: warning: pointer targets in passing argument 1 of 'ssd1306_WriteString' differ in signedness [-Wpointer-sign]
  376 |         ssd1306_WriteString(msg, Font_11x18, White);
      |                             ^~~
      |                             |
      |                             uint8_t * {aka unsigned char *}
../Core/Inc/ssd1306.h:125:32: note: expected 'char *' but argument is of type 'uint8_t *' {aka 'unsigned char *'}
  125 | char ssd1306_WriteString(char* str, FontDef Font, SSD1306_COLOR color);
      |                          ~~~~~~^~~
../Core/Src/main.c:378:17: warning: pointer targets in passing argument 1 of 'sprintf' differ in signedness [-Wpointer-sign]
  378 |         sprintf(msg, "%s",TimerStates[FLAG_CurrentTimerStates]);
      |                 ^~~
      |                 |
      |                 uint8_t * {aka unsigned char *}
C:\ST\STM32CubeIDE_1.15.1\STM32CubeIDE\plugins\com.st.stm32cube.ide.mcu.externaltools.gnu-tools-for-stm32.12.3.rel1.win32_1.0.100.202403111256\tools\bin/../lib/gcc/arm-none-eabi/12.3.1/../../../../arm-none-eabi/include/stdio.h:250:18: note: expected 'char * restrict' but argument is of type 'uint8_t *' {aka 'unsigned char *'}
  250 | int     sprintf (char *__restrict, const char *__restrict, ...)
      |                  ^
../Core/Src/main.c:379:29: warning: pointer targets in passing argument 1 of 'ssd1306_WriteString' differ in signedness [-Wpointer-sign]
  379 |         ssd1306_WriteString(msg, Font_7x10, White);
      |                             ^~~
      |                             |
      |                             uint8_t * {aka unsigned char *}
../Core/Inc/ssd1306.h:125:32: note: expected 'char *' but argument is of type 'uint8_t *' {aka 'unsigned char *'}
  125 | char ssd1306_WriteString(char* str, FontDef Font, SSD1306_COLOR color);
      |                          ~~~~~~^~~
../Core/Src/main.c:381:17: warning: pointer targets in passing argument 1 of 'sprintf' differ in signedness [-Wpointer-sign]
  381 |         sprintf(msg, "RUN TIME");
      |                 ^~~
      |                 |
      |                 uint8_t * {aka unsigned char *}
C:\ST\STM32CubeIDE_1.15.1\STM32CubeIDE\plugins\com.st.stm32cube.ide.mcu.externaltools.gnu-tools-for-stm32.12.3.rel1.win32_1.0.100.202403111256\tools\bin/../lib/gcc/arm-none-eabi/12.3.1/../../../../arm-none-eabi/include/stdio.h:250:18: note: expected 'char * restrict' but argument is of type 'uint8_t *' {aka 'unsigned char *'}
  250 | int     sprintf (char *__restrict, const char *__restrict, ...)
      |                  ^
../Core/Src/main.c:382:29: warning: pointer targets in passing argument 1 of 'ssd1306_WriteString' differ in signedness [-Wpointer-sign]
  382 |         ssd1306_WriteString(msg, Font_6x8, White);
      |                             ^~~
      |                             |
      |                             uint8_t * {aka unsigned char *}
../Core/Inc/ssd1306.h:125:32: note: expected 'char *' but argument is of type 'uint8_t *' {aka 'unsigned char *'}
  125 | char ssd1306_WriteString(char* str, FontDef Font, SSD1306_COLOR color);
      |                          ~~~~~~^~~
../Core/Src/main.c:384:17: warning: pointer targets in passing argument 1 of 'sprintf' differ in signedness [-Wpointer-sign]
  384 |         sprintf(msg, "%02u:%02u:%02u", Time.hours, Time.minutes, Time.seconds);
      |                 ^~~
      |                 |
      |                 uint8_t * {aka unsigned char *}
C:\ST\STM32CubeIDE_1.15.1\STM32CubeIDE\plugins\com.st.stm32cube.ide.mcu.externaltools.gnu-tools-for-stm32.12.3.rel1.win32_1.0.100.202403111256\tools\bin/../lib/gcc/arm-none-eabi/12.3.1/../../../../arm-none-eabi/include/stdio.h:250:18: note: expected 'char * restrict' but argument is of type 'uint8_t *' {aka 'unsigned char *'}
  250 | int     sprintf (char *__restrict, const char *__restrict, ...)
      |                  ^
../Core/Src/main.c:384:26: warning: format '%u' expects argument of type 'unsigned int', but argument 3 has type 'uint32_t' {aka 'long unsigned int'} [-Wformat=]
  384 |         sprintf(msg, "%02u:%02u:%02u", Time.hours, Time.minutes, Time.seconds);
      |                       ~~~^             ~~~~~~~~~~
      |                          |                 |
      |                          unsigned int      uint32_t {aka long unsigned int}
      |                       %02lu
../Core/Src/main.c:384:31: warning: format '%u' expects argument of type 'unsigned int', but argument 4 has type 'uint32_t' {aka 'long unsigned int'} [-Wformat=]
  384 |         sprintf(msg, "%02u:%02u:%02u", Time.hours, Time.minutes, Time.seconds);
      |                            ~~~^                    ~~~~~~~~~~~~
      |                               |                        |
      |                               unsigned int             uint32_t {aka long unsigned int}
      |                            %02lu
../Core/Src/main.c:384:36: warning: format '%u' expects argument of type 'unsigned int', but argument 5 has type 'uint32_t' {aka 'long unsigned int'} [-Wformat=]
  384 |         sprintf(msg, "%02u:%02u:%02u", Time.hours, Time.minutes, Time.seconds);
      |                                 ~~~^                             ~~~~~~~~~~~~
      |                                    |                                 |
      |                                    unsigned int                      uint32_t {aka long unsigned int}
      |                                 %02lu
../Core/Src/main.c:385:29: warning: pointer targets in passing argument 1 of 'ssd1306_WriteString' differ in signedness [-Wpointer-sign]
  385 |         ssd1306_WriteString(msg, Font_7x10, White);
      |                             ^~~
      |                             |
      |                             uint8_t * {aka unsigned char *}
../Core/Inc/ssd1306.h:125:32: note: expected 'char *' but argument is of type 'uint8_t *' {aka 'unsigned char *'}
  125 | char ssd1306_WriteString(char* str, FontDef Font, SSD1306_COLOR color);
      |                          ~~~~~~^~~
../Core/Src/main.c:387:17: warning: pointer targets in passing argument 1 of 'sprintf' differ in signedness [-Wpointer-sign]
  387 |         sprintf(msg, "SET TIME");
      |                 ^~~
      |                 |
      |                 uint8_t * {aka unsigned char *}
C:\ST\STM32CubeIDE_1.15.1\STM32CubeIDE\plugins\com.st.stm32cube.ide.mcu.externaltools.gnu-tools-for-stm32.12.3.rel1.win32_1.0.100.202403111256\tools\bin/../lib/gcc/arm-none-eabi/12.3.1/../../../../arm-none-eabi/include/stdio.h:250:18: note: expected 'char * restrict' but argument is of type 'uint8_t *' {aka 'unsigned char *'}
  250 | int     sprintf (char *__restrict, const char *__restrict, ...)
      |                  ^
../Core/Src/main.c:388:29: warning: pointer targets in passing argument 1 of 'ssd1306_WriteString' differ in signedness [-Wpointer-sign]
  388 |         ssd1306_WriteString(msg, Font_6x8, White);
      |                             ^~~
      |                             |
      |                             uint8_t * {aka unsigned char *}
../Core/Inc/ssd1306.h:125:32: note: expected 'char *' but argument is of type 'uint8_t *' {aka 'unsigned char *'}
  125 | char ssd1306_WriteString(char* str, FontDef Font, SSD1306_COLOR color);
      |                          ~~~~~~^~~
../Core/Src/main.c:390:17: warning: pointer targets in passing argument 1 of 'sprintf' differ in signedness [-Wpointer-sign]
  390 |         sprintf(msg, "%02u:%02u:%02u", ALARM_Time.hours, ALARM_Time.minutes, ALARM_Time.seconds);
      |                 ^~~
      |                 |
      |                 uint8_t * {aka unsigned char *}
C:\ST\STM32CubeIDE_1.15.1\STM32CubeIDE\plugins\com.st.stm32cube.ide.mcu.externaltools.gnu-tools-for-stm32.12.3.rel1.win32_1.0.100.202403111256\tools\bin/../lib/gcc/arm-none-eabi/12.3.1/../../../../arm-none-eabi/include/stdio.h:250:18: note: expected 'char * restrict' but argument is of type 'uint8_t *' {aka 'unsigned char *'}
  250 | int     sprintf (char *__restrict, const char *__restrict, ...)
      |                  ^
../Core/Src/main.c:390:26: warning: format '%u' expects argument of type 'unsigned int', but argument 3 has type 'uint32_t' {aka 'long unsigned int'} [-Wformat=]
  390 |         sprintf(msg, "%02u:%02u:%02u", ALARM_Time.hours, ALARM_Time.minutes, ALARM_Time.seconds);
      |                       ~~~^             ~~~~~~~~~~~~~~~~
      |                          |                       |
      |                          unsigned int            uint32_t {aka long unsigned int}
      |                       %02lu
../Core/Src/main.c:390:31: warning: format '%u' expects argument of type 'unsigned int', but argument 4 has type 'uint32_t' {aka 'long unsigned int'} [-Wformat=]
  390 |         sprintf(msg, "%02u:%02u:%02u", ALARM_Time.hours, ALARM_Time.minutes, ALARM_Time.seconds);
      |                            ~~~^                          ~~~~~~~~~~~~~~~~~~
      |                               |                                    |
      |                               unsigned int                         uint32_t {aka long unsigned int}
      |                            %02lu
../Core/Src/main.c:390:36: warning: format '%u' expects argument of type 'unsigned int', but argument 5 has type 'uint32_t' {aka 'long unsigned int'} [-Wformat=]
  390 |         sprintf(msg, "%02u:%02u:%02u", ALARM_Time.hours, ALARM_Time.minutes, ALARM_Time.seconds);
      |                                 ~~~^                                         ~~~~~~~~~~~~~~~~~~
      |                                    |                                                   |
      |                                    unsigned int                                        uint32_t {aka long unsigned int}
      |                                 %02lu
../Core/Src/main.c:391:29: warning: pointer targets in passing argument 1 of 'ssd1306_WriteString' differ in signedness [-Wpointer-sign]
  391 |         ssd1306_WriteString(msg, Font_7x10, White);
      |                             ^~~
      |                             |
      |                             uint8_t * {aka unsigned char *}
../Core/Inc/ssd1306.h:125:32: note: expected 'char *' but argument is of type 'uint8_t *' {aka 'unsigned char *'}
  125 | char ssd1306_WriteString(char* str, FontDef Font, SSD1306_COLOR color);
      |                          ~~~~~~^~~
../Core/Src/main.c:393:17: warning: pointer targets in passing argument 1 of 'sprintf' differ in signedness [-Wpointer-sign]
  393 |         sprintf(msg, "<");
      |                 ^~~
      |                 |
      |                 uint8_t * {aka unsigned char *}
C:\ST\STM32CubeIDE_1.15.1\STM32CubeIDE\plugins\com.st.stm32cube.ide.mcu.externaltools.gnu-tools-for-stm32.12.3.rel1.win32_1.0.100.202403111256\tools\bin/../lib/gcc/arm-none-eabi/12.3.1/../../../../arm-none-eabi/include/stdio.h:250:18: note: expected 'char * restrict' but argument is of type 'uint8_t *' {aka 'unsigned char *'}
  250 | int     sprintf (char *__restrict, const char *__restrict, ...)
      |                  ^
../Core/Src/main.c:394:29: warning: pointer targets in passing argument 1 of 'ssd1306_WriteString' differ in signedness [-Wpointer-sign]
  394 |         ssd1306_WriteString(msg, Font_6x8, White);
      |                             ^~~
      |                             |
      |                             uint8_t * {aka unsigned char *}
../Core/Inc/ssd1306.h:125:32: note: expected 'char *' but argument is of type 'uint8_t *' {aka 'unsigned char *'}
  125 | char ssd1306_WriteString(char* str, FontDef Font, SSD1306_COLOR color);
      |                          ~~~~~~^~~
../Core/Src/main.c:396:17: warning: pointer targets in passing argument 1 of 'sprintf' differ in signedness [-Wpointer-sign]
  396 |         sprintf(msg, "+h");
      |                 ^~~
      |                 |
      |                 uint8_t * {aka unsigned char *}
C:\ST\STM32CubeIDE_1.15.1\STM32CubeIDE\plugins\com.st.stm32cube.ide.mcu.externaltools.gnu-tools-for-stm32.12.3.rel1.win32_1.0.100.202403111256\tools\bin/../lib/gcc/arm-none-eabi/12.3.1/../../../../arm-none-eabi/include/stdio.h:250:18: note: expected 'char * restrict' but argument is of type 'uint8_t *' {aka 'unsigned char *'}
  250 | int     sprintf (char *__restrict, const char *__restrict, ...)
      |                  ^
../Core/Src/main.c:397:29: warning: pointer targets in passing argument 1 of 'ssd1306_WriteString' differ in signedness [-Wpointer-sign]
  397 |         ssd1306_WriteString(msg, Font_6x8, White);
      |                             ^~~
      |                             |
      |                             uint8_t * {aka unsigned char *}
../Core/Inc/ssd1306.h:125:32: note: expected 'char *' but argument is of type 'uint8_t *' {aka 'unsigned char *'}
  125 | char ssd1306_WriteString(char* str, FontDef Font, SSD1306_COLOR color);
      |                          ~~~~~~^~~
../Core/Src/main.c:399:17: warning: pointer targets in passing argument 1 of 'sprintf' differ in signedness [-Wpointer-sign]
  399 |         sprintf(msg, "+m");
      |                 ^~~
      |                 |
      |                 uint8_t * {aka unsigned char *}
C:\ST\STM32CubeIDE_1.15.1\STM32CubeIDE\plugins\com.st.stm32cube.ide.mcu.externaltools.gnu-tools-for-stm32.12.3.rel1.win32_1.0.100.202403111256\tools\bin/../lib/gcc/arm-none-eabi/12.3.1/../../../../arm-none-eabi/include/stdio.h:250:18: note: expected 'char * restrict' but argument is of type 'uint8_t *' {aka 'unsigned char *'}
  250 | int     sprintf (char *__restrict, const char *__restrict, ...)
      |                  ^
../Core/Src/main.c:400:29: warning: pointer targets in passing argument 1 of 'ssd1306_WriteString' differ in signedness [-Wpointer-sign]
  400 |         ssd1306_WriteString(msg, Font_6x8, White);
      |                             ^~~
      |                             |
      |                             uint8_t * {aka unsigned char *}
../Core/Inc/ssd1306.h:125:32: note: expected 'char *' but argument is of type 'uint8_t *' {aka 'unsigned char *'}
  125 | char ssd1306_WriteString(char* str, FontDef Font, SSD1306_COLOR color);
      |                          ~~~~~~^~~
../Core/Src/main.c:402:17: warning: pointer targets in passing argument 1 of 'sprintf' differ in signedness [-Wpointer-sign]
  402 |         sprintf(msg, "+s");
      |                 ^~~
      |                 |
      |                 uint8_t * {aka unsigned char *}
C:\ST\STM32CubeIDE_1.15.1\STM32CubeIDE\plugins\com.st.stm32cube.ide.mcu.externaltools.gnu-tools-for-stm32.12.3.rel1.win32_1.0.100.202403111256\tools\bin/../lib/gcc/arm-none-eabi/12.3.1/../../../../arm-none-eabi/include/stdio.h:250:18: note: expected 'char * restrict' but argument is of type 'uint8_t *' {aka 'unsigned char *'}
  250 | int     sprintf (char *__restrict, const char *__restrict, ...)
      |                  ^
../Core/Src/main.c:403:29: warning: pointer targets in passing argument 1 of 'ssd1306_WriteString' differ in signedness [-Wpointer-sign]
  403 |         ssd1306_WriteString(msg, Font_6x8, White);
      |                             ^~~
      |                             |
      |                             uint8_t * {aka unsigned char *}
../Core/Inc/ssd1306.h:125:32: note: expected 'char *' but argument is of type 'uint8_t *' {aka 'unsigned char *'}
  125 | char ssd1306_WriteString(char* str, FontDef Font, SSD1306_COLOR color);
      |                          ~~~~~~^~~
../Core/Src/main.c: In function 'main':
../Core/Src/main.c:778:33: warning: pointer targets in passing argument 1 of 'sprintf' differ in signedness [-Wpointer-sign]
  778 |                         sprintf(msg,
      |                                 ^~~
      |                                 |
      |                                 uint8_t * {aka unsigned char *}
C:\ST\STM32CubeIDE_1.15.1\STM32CubeIDE\plugins\com.st.stm32cube.ide.mcu.externaltools.gnu-tools-for-stm32.12.3.rel1.win32_1.0.100.202403111256\tools\bin/../lib/gcc/arm-none-eabi/12.3.1/../../../../arm-none-eabi/include/stdio.h:250:18: note: expected 'char * restrict' but argument is of type 'uint8_t *' {aka 'unsigned char *'}
  250 | int     sprintf (char *__restrict, const char *__restrict, ...)
      |                  ^
../Core/Src/main.c:779:133: warning: format '%d' expects argument of type 'int', but argument 12 has type 'uint32_t' {aka 'long unsigned int'} [-Wformat=]
  779 |                             "DATA:T:%.2lf,H:%.2lf,Duty:%d,U:%d,I:%d,Soil CH1:%d,Soil CH1:%d,Soil CH1:%d,CurrentView:%d,AlarmTime:%02d:%02d:%02d,"
      |                                                                                                                                  ~~~^
      |                                                                                                                                     |
      |                                                                                                                                     int
      |                                                                                                                                  %02ld
......
  785 |                             CurrentView, ALARM_Time.hours, ALARM_Time.minutes, ALARM_Time.seconds,
      |                                          ~~~~~~~~~~~~~~~~                                                                            
      |                                                    |
      |                                                    uint32_t {aka long unsigned int}
../Core/Src/main.c:779:138: warning: format '%d' expects argument of type 'int', but argument 13 has type 'uint32_t' {aka 'long unsigned int'} [-Wformat=]
  779 |                             "DATA:T:%.2lf,H:%.2lf,Duty:%d,U:%d,I:%d,Soil CH1:%d,Soil CH1:%d,Soil CH1:%d,CurrentView:%d,AlarmTime:%02d:%02d:%02d,"
      |                                                                                                                                       ~~~^
      |                                                                                                                                          |
      |                                                                                                                                          int
      |                                                                                                                                       %02ld
......
  785 |                             CurrentView, ALARM_Time.hours, ALARM_Time.minutes, ALARM_Time.seconds,
      |                                                            ~~~~~~~~~~~~~~~~~~                                                             
      |                                                                      |
      |                                                                      uint32_t {aka long unsigned int}
../Core/Src/main.c:779:143: warning: format '%d' expects argument of type 'int', but argument 14 has type 'uint32_t' {aka 'long unsigned int'} [-Wformat=]
  779 |                             "DATA:T:%.2lf,H:%.2lf,Duty:%d,U:%d,I:%d,Soil CH1:%d,Soil CH1:%d,Soil CH1:%d,CurrentView:%d,AlarmTime:%02d:%02d:%02d,"
      |                                                                                                                                            ~~~^
      |                                                                                                                                               |
      |                                                                                                                                               int
      |                                                                                                                                            %02ld
......
  785 |                             CurrentView, ALARM_Time.hours, ALARM_Time.minutes, ALARM_Time.seconds,
      |                                                                                ~~~~~~~~~~~~~~~~~~                                              
      |                                                                                          |
      |                                                                                          uint32_t {aka long unsigned int}
../Core/Src/main.c:779:29: warning: format '%d' expects argument of type 'int', but argument 15 has type 'double' [-Wformat=]
  779 |                             "DATA:T:%.2lf,H:%.2lf,Duty:%d,U:%d,I:%d,Soil CH1:%d,Soil CH1:%d,Soil CH1:%d,CurrentView:%d,AlarmTime:%02d:%02d:%02d,"
      |                             ^~~~~~~~~~~~~~~~~~~~~~~~~~~~~~~~~~~~~~~~~~~~~~~~~~~~~~~~~~~~~~~~~~~~~~~~~~~~~~~~~~~~~~~~~~~~~~~~~~~~~~~~~~~~~~~~~~~~~
......
  786 |                             DHT11_Alarm_H.temp, DHT11_Alarm_L.temp, DHT11_Alarm_H.hum, DHT11_Alarm_L.hum,
      |                             ~~~~~~~~~~~~~~~~~~
      |                                          |
      |                                          double
../Core/Src/main.c:780:37: note: format string is defined here
  780 |                             "TempH:%d,TempL:%d,HumH:%d,HumL:%d,AlarmHighT:%d,AlarmHighH:%d,AlarmLowT:%d,AlarmLowH:%d,"
      |                                    ~^
      |                                     |
      |                                     int
      |                                    %f
../Core/Src/main.c:779:29: warning: format '%d' expects argument of type 'int', but argument 16 has type 'double' [-Wformat=]
  779 |                             "DATA:T:%.2lf,H:%.2lf,Duty:%d,U:%d,I:%d,Soil CH1:%d,Soil CH1:%d,Soil CH1:%d,CurrentView:%d,AlarmTime:%02d:%02d:%02d,"
      |                             ^~~~~~~~~~~~~~~~~~~~~~~~~~~~~~~~~~~~~~~~~~~~~~~~~~~~~~~~~~~~~~~~~~~~~~~~~~~~~~~~~~~~~~~~~~~~~~~~~~~~~~~~~~~~~~~~~~~~~
......
  786 |                             DHT11_Alarm_H.temp, DHT11_Alarm_L.temp, DHT11_Alarm_H.hum, DHT11_Alarm_L.hum,
      |                                                 ~~~~~~~~~~~~~~~~~~
      |                                                              |
      |                                                              double
../Core/Src/main.c:780:46: note: format string is defined here
  780 |                             "TempH:%d,TempL:%d,HumH:%d,HumL:%d,AlarmHighT:%d,AlarmHighH:%d,AlarmLowT:%d,AlarmLowH:%d,"
      |                                             ~^
      |                                              |
      |                                              int
      |                                             %f
../Core/Src/main.c:779:29: warning: format '%d' expects argument of type 'int', but argument 17 has type 'double' [-Wformat=]
  779 |                             "DATA:T:%.2lf,H:%.2lf,Duty:%d,U:%d,I:%d,Soil CH1:%d,Soil CH1:%d,Soil CH1:%d,CurrentView:%d,AlarmTime:%02d:%02d:%02d,"
      |                             ^~~~~~~~~~~~~~~~~~~~~~~~~~~~~~~~~~~~~~~~~~~~~~~~~~~~~~~~~~~~~~~~~~~~~~~~~~~~~~~~~~~~~~~~~~~~~~~~~~~~~~~~~~~~~~~~~~~~~
......
  786 |                             DHT11_Alarm_H.temp, DHT11_Alarm_L.temp, DHT11_Alarm_H.hum, DHT11_Alarm_L.hum,
      |                                                                     ~~~~~~~~~~~~~~~~~
      |                                                                                  |
      |                                                                                  double
../Core/Src/main.c:780:54: note: format string is defined here
  780 |                             "TempH:%d,TempL:%d,HumH:%d,HumL:%d,AlarmHighT:%d,AlarmHighH:%d,AlarmLowT:%d,AlarmLowH:%d,"
      |                                                     ~^
      |                                                      |
      |                                                      int
      |                                                     %f
../Core/Src/main.c:779:29: warning: format '%d' expects argument of type 'int', but argument 18 has type 'double' [-Wformat=]
  779 |                             "DATA:T:%.2lf,H:%.2lf,Duty:%d,U:%d,I:%d,Soil CH1:%d,Soil CH1:%d,Soil CH1:%d,CurrentView:%d,AlarmTime:%02d:%02d:%02d,"
      |                             ^~~~~~~~~~~~~~~~~~~~~~~~~~~~~~~~~~~~~~~~~~~~~~~~~~~~~~~~~~~~~~~~~~~~~~~~~~~~~~~~~~~~~~~~~~~~~~~~~~~~~~~~~~~~~~~~~~~~~
......
  786 |                             DHT11_Alarm_H.temp, DHT11_Alarm_L.temp, DHT11_Alarm_H.hum, DHT11_Alarm_L.hum,
      |                                                                                        ~~~~~~~~~~~~~~~~~
      |                                                                                                     |
      |                                                                                                     double
../Core/Src/main.c:780:62: note: format string is defined here
  780 |                             "TempH:%d,TempL:%d,HumH:%d,HumL:%d,AlarmHighT:%d,AlarmHighH:%d,AlarmLowT:%d,AlarmLowH:%d,"
      |                                                             ~^
      |                                                              |
      |                                                              int
      |                                                             %f
../Core/Src/main.c:779:29: warning: format '%d' expects a matching 'int' argument [-Wformat=]
  779 |                             "DATA:T:%.2lf,H:%.2lf,Duty:%d,U:%d,I:%d,Soil CH1:%d,Soil CH1:%d,Soil CH1:%d,CurrentView:%d,AlarmTime:%02d:%02d:%02d,"
      |                             ^~~~~~~~~~~~~~~~~~~~~~~~~~~~~~~~~~~~~~~~~~~~~~~~~~~~~~~~~~~~~~~~~~~~~~~~~~~~~~~~~~~~~~~~~~~~~~~~~~~~~~~~~~~~~~~~~~~~~
../Core/Src/main.c:782:118: note: format string is defined here
  782 |                             "FlagDHTAlarm:%d,FlagCurrentTimerStates:%d,FlagSentKEY0:%d,FlagSentKEY1:%d,FlagSentKEY2:%d,FlagSentKEY3:%d,"
      |                                                                                                                     ~^
      |                                                                                                                      |
      |                                                                                                                      int
../Core/Src/main.c:779:29: warning: format '%d' expects a matching 'int' argument [-Wformat=]
  779 |                             "DATA:T:%.2lf,H:%.2lf,Duty:%d,U:%d,I:%d,Soil CH1:%d,Soil CH1:%d,Soil CH1:%d,CurrentView:%d,AlarmTime:%02d:%02d:%02d,"
      |                             ^~~~~~~~~~~~~~~~~~~~~~~~~~~~~~~~~~~~~~~~~~~~~~~~~~~~~~~~~~~~~~~~~~~~~~~~~~~~~~~~~~~~~~~~~~~~~~~~~~~~~~~~~~~~~~~~~~~~~
../Core/Src/main.c:782:134: note: format string is defined here
  782 |                             "FlagDHTAlarm:%d,FlagCurrentTimerStates:%d,FlagSentKEY0:%d,FlagSentKEY1:%d,FlagSentKEY2:%d,FlagSentKEY3:%d,"
      |                                                                                                                                     ~^
      |                                                                                                                                      |
      |                                                                                                                                      int
../Core/Src/main.c:779:29: warning: format '%d' expects a matching 'int' argument [-Wformat=]
  779 |                             "DATA:T:%.2lf,H:%.2lf,Duty:%d,U:%d,I:%d,Soil CH1:%d,Soil CH1:%d,Soil CH1:%d,CurrentView:%d,AlarmTime:%02d:%02d:%02d,"
      |                             ^~~~~~~~~~~~~~~~~~~~~~~~~~~~~~~~~~~~~~~~~~~~~~~~~~~~~~~~~~~~~~~~~~~~~~~~~~~~~~~~~~~~~~~~~~~~~~~~~~~~~~~~~~~~~~~~~~~~~
../Core/Src/main.c:783:42: note: format string is defined here
  783 |                             "PWMLED1Val:%d,PWMLEDInverse:%d\r\n",
      |                                         ~^
      |                                          |
      |                                          int
../Core/Src/main.c:779:29: warning: format '%d' expects a matching 'int' argument [-Wformat=]
  779 |                             "DATA:T:%.2lf,H:%.2lf,Duty:%d,U:%d,I:%d,Soil CH1:%d,Soil CH1:%d,Soil CH1:%d,CurrentView:%d,AlarmTime:%02d:%02d:%02d,"
      |                             ^~~~~~~~~~~~~~~~~~~~~~~~~~~~~~~~~~~~~~~~~~~~~~~~~~~~~~~~~~~~~~~~~~~~~~~~~~~~~~~~~~~~~~~~~~~~~~~~~~~~~~~~~~~~~~~~~~~~~
../Core/Src/main.c:783:59: note: format string is defined here
  783 |                             "PWMLED1Val:%d,PWMLEDInverse:%d\r\n",
      |                                                          ~^
      |                                                           |
      |                                                           int
../Core/Src/main.c:792:39: warning: pointer targets in passing argument 2 of 'ESP_SendTCP' differ in signedness [-Wpointer-sign]
  792 |                         ESP_SendTCP(0,msg);
      |                                       ^~~
      |                                       |
      |                                       uint8_t * {aka unsigned char *}
../Core/Inc/AT_WIFI.h:48:41: note: expected 'char *' but argument is of type 'uint8_t *' {aka 'unsigned char *'}
   48 | void ESP_SendTCP(uint8_t con_num, char *data);
      |                                   ~~~~~~^~~~
../Core/Src/main.c: In function 'ssd1306_ConfigView':
../Core/Src/main.c:405:1: warning: control reaches end of non-void function [-Wreturn-type]
  405 | }
      | ^
arm-none-eabi-g++ -o "prj1.elf" @"objects.list"   -mcpu=cortex-m3 -T"C:\Users\87407\OneDrive\CourseProjectC\prj1\STM32F103C8TX_FLASH.ld" --specs=nosys.specs -Wl,-Map="prj1.map" -Wl,--gc-sections -static --specs=nano.specs -mfloat-abi=soft -mthumb -u _printf_float -u _scanf_float -Wl,--start-group -lc -lm -lstdc++ -lsupc++ -Wl,--end-group
Finished building target: prj1.elf
 
arm-none-eabi-size  prj1.elf 
arm-none-eabi-objdump -h -S prj1.elf  > "prj1.list"
   text	   data	    bss	    dec	    hex	filename
  53744	    736	   3896	  58376	   e408	prj1.elf
Finished building: default.size.stdout
 
Finished building: prj1.list
 

06:55:01 Build Finished. 0 errors, 143 warnings. (took 948ms)

